Fleet routing study [dhaka]: 25 snapshots x 160 containers, 6 vehicles, 3.0s search budget, road distances
==============================================================================

policy                 km    CO2 kg   served   missed   haz %   objective
------------------------------------------------------------------------------
proposed           249.43    269.53   151.80     2.92   100.0      1324.2
static_sweep       323.68    344.86   156.24    10.72    96.9      2663.5
threshold          119.31    124.62    62.92     2.92   100.0      7886.9
risk_graph         209.29    238.12   159.84     9.56   100.0      1820.2
genetic            668.27    600.75   149.40     8.80   100.0      3237.9
aco                252.35    268.97   159.68     7.08   100.0      1736.4
ortools            132.28    180.70   158.00    10.92    99.7      1732.4

Constraint audit: all plans feasible

Proposed vs each baseline (paired, 95% BCa bootstrap):
metric                baseline         improvement              95% CI   p (Holm)    effect
--------------------------------------------------------------------------------------------
distance_km           static_sweep           22.9%        [20.5, 25.3]   1.79e-06     large
distance_km           threshold            -109.1%     [-126.3, -94.7]   1.79e-06     large
distance_km           risk_graph            -19.2%      [-25.2, -13.6]   2.50e-06     large
distance_km           genetic                62.7%        [61.3, 64.0]   1.79e-06     large
distance_km           aco                     1.2%         [-2.8, 4.7]   1.00e+00negligible
distance_km           ortools               -88.6%      [-96.7, -81.7]   1.79e-06     large
co2_kg                static_sweep           21.8%        [20.0, 23.6]   1.79e-06     large
co2_kg                threshold            -116.3%    [-131.3, -103.9]   1.79e-06     large
co2_kg                risk_graph            -13.2%       [-17.6, -9.0]   2.82e-05     large
co2_kg                genetic                55.1%        [53.8, 56.5]   1.79e-06     large
co2_kg                aco                    -0.2%         [-3.3, 2.5]   1.00e+00negligible
co2_kg                ortools               -49.2%      [-53.8, -45.0]   1.79e-06     large
missed_overflow       static_sweep           72.8%        [67.1, 78.2]   1.10e-04     large
missed_overflow       threshold               0.0%          [0.0, 0.0]   1.00e+00negligible
missed_overflow       risk_graph             69.5%        [62.8, 75.5]   1.10e-04     large
missed_overflow       genetic                66.8%        [60.0, 73.5]   1.10e-04     large
missed_overflow       aco                    58.8%        [50.9, 66.3]   1.20e-04     large
missed_overflow       ortools                73.3%        [68.0, 78.4]   1.10e-04     large
mean_hazard_response_hstatic_sweep           37.9%        [33.2, 42.4]   1.79e-06     large
mean_hazard_response_hthreshold              -0.2%         [-2.8, 2.6]   1.00e+00negligible
mean_hazard_response_hrisk_graph             34.2%        [28.5, 39.3]   1.10e-04     large
mean_hazard_response_hgenetic                34.6%        [29.2, 39.7]   2.03e-06     large
mean_hazard_response_haco                    26.0%        [20.4, 31.4]   3.58e-06     large
mean_hazard_response_hortools                41.2%        [36.6, 45.6]   1.79e-06     large
objective             static_sweep           50.3%        [47.3, 53.1]   1.79e-06     large
objective             threshold              83.2%        [82.1, 84.2]   1.79e-06     large
objective             risk_graph             27.3%        [23.1, 31.0]   2.03e-06     large
objective             genetic                59.1%        [57.4, 60.8]   1.79e-06     large
objective             aco                    23.7%        [20.5, 26.8]   2.03e-06     large
objective             ortools                23.6%        [19.3, 27.5]   2.50e-06     large

Saved C:\Users\ahbab\Downloads\Micro Paper\WasteBins\experiments\results\fleet_dhaka.json (6157.9s)
