Fleet routing study [dhaka_gc]: 25 snapshots x 160 containers, 6 vehicles, 3.0s search budget, geodesic distances
==============================================================================

policy                 km    CO2 kg   served   missed   haz %   objective
------------------------------------------------------------------------------
proposed           208.65    239.22   153.40     2.92   100.0      1187.1
static_sweep       280.90    315.06   157.80    10.20    98.4      2353.4
threshold          104.31    113.35    64.40     2.92   100.0      7823.9
risk_graph         167.15    206.74   160.00    10.08   100.0      1723.1
genetic            656.88    592.91   150.48     8.48   100.0      3195.1
aco                198.75    227.72   159.96     7.08   100.0      1557.0
ortools            103.44    160.63   158.36    10.72    99.2      1674.2

Constraint audit: all plans feasible

Proposed vs each baseline (paired, 95% BCa bootstrap):
metric                baseline         improvement              95% CI   p (Holm)    effect
--------------------------------------------------------------------------------------------
distance_km           static_sweep           25.7%        [21.1, 30.6]   1.79e-06     large
distance_km           threshold            -100.0%     [-119.3, -82.9]   1.79e-06     large
distance_km           risk_graph            -24.8%      [-35.0, -15.0]   3.23e-04     large
distance_km           genetic                68.2%        [66.2, 70.3]   1.79e-06     large
distance_km           aco                    -5.0%        [-12.7, 2.6]   4.93e-01     small
distance_km           ortools              -101.7%     [-117.2, -86.9]   1.79e-06     large
co2_kg                static_sweep           24.1%        [20.3, 27.9]   1.79e-06     large
co2_kg                threshold            -111.0%     [-127.9, -96.3]   1.79e-06     large
co2_kg                risk_graph            -15.7%       [-22.9, -8.8]   1.08e-03     large
co2_kg                genetic                59.7%        [57.7, 61.7]   1.79e-06     large
co2_kg                aco                    -5.0%        [-11.0, 0.7]   4.93e-01     small
co2_kg                ortools               -48.9%      [-57.6, -40.5]   1.79e-06     large
missed_overflow       static_sweep           71.4%        [65.2, 77.1]   1.73e-04     large
missed_overflow       threshold               0.0%          [0.0, 0.0]   1.00e+00negligible
missed_overflow       risk_graph             71.0%        [65.0, 76.7]   1.51e-04     large
missed_overflow       genetic                65.6%        [57.9, 72.5]   1.73e-04     large
missed_overflow       aco                    58.8%        [51.4, 66.1]   1.73e-04     large
missed_overflow       ortools                72.8%        [67.1, 78.5]   1.51e-04     large
mean_hazard_response_hstatic_sweep           34.5%        [27.9, 40.6]   4.47e-06     large
mean_hazard_response_hthreshold              -3.7%        [-7.9, -0.1]   1.27e-01negligible
mean_hazard_response_hrisk_graph             34.8%        [28.5, 40.5]   1.73e-04     large
mean_hazard_response_hgenetic                31.5%        [24.2, 37.8]   2.09e-05     large
mean_hazard_response_haco                    23.8%        [16.0, 30.8]   1.87e-04     large
mean_hazard_response_hortools                38.7%        [32.7, 44.0]   2.03e-06     large
objective             static_sweep           49.6%        [46.7, 52.4]   1.79e-06     large
objective             threshold              84.8%        [83.7, 85.8]   1.79e-06     large
objective             risk_graph             31.1%        [26.8, 35.3]   2.03e-06     large
objective             genetic                62.8%        [60.8, 64.9]   1.79e-06     large
objective             aco                    23.8%        [20.0, 27.5]   1.79e-06     large
objective             ortools                29.1%        [24.8, 33.3]   1.79e-06     large

Saved C:\Users\ahbab\Downloads\Micro Paper\WasteBins\experiments\results\fleet_dhaka_gc.json (6415.4s)
