Fleet routing study [wyndham]: 25 snapshots x 33 containers, 3 vehicles, 3.0s search budget, road distances
==============================================================================

policy                 km    CO2 kg   served   missed   haz %   objective
------------------------------------------------------------------------------
proposed            19.90     33.83    30.72     0.12   100.0       156.6
static_sweep        37.16     41.97    22.00     0.36    88.7       969.9
threshold           13.88     13.68     4.84     0.12   100.0      1908.8
risk_graph          25.47     39.33    32.00     0.24   100.0       196.1
genetic             62.55     69.79    32.00     0.12   100.0       279.9
aco                 19.35     34.54    32.00     0.12   100.0       157.4
ortools             18.33     23.44    15.68     0.52    72.0      1335.4

Constraint audit: all plans feasible

Proposed vs each baseline (paired, 95% BCa bootstrap):
metric                baseline         improvement              95% CI   p (Holm)    effect
--------------------------------------------------------------------------------------------
distance_km           static_sweep           46.4%        [43.2, 48.7]   1.79e-06     large
distance_km           threshold             -43.3%      [-78.2, -21.4]   1.79e-06     large
distance_km           risk_graph             21.9%        [11.0, 30.3]   3.04e-02     large
distance_km           genetic                68.2%        [66.1, 70.1]   1.79e-06     large
distance_km           aco                    -2.8%         [-8.8, 1.4]   1.00e+00     small
distance_km           ortools                -8.5%       [-15.1, -4.0]   1.79e-06     large
co2_kg                static_sweep           19.4%        [16.7, 21.5]   2.38e-06     large
co2_kg                threshold            -147.2%    [-203.9, -110.7]   1.79e-06     large
co2_kg                risk_graph             14.0%         [8.5, 18.8]   9.16e-04     large
co2_kg                genetic                51.5%        [49.5, 53.5]   1.79e-06     large
co2_kg                aco                     2.1%         [-1.0, 4.5]   1.25e-01     large
co2_kg                ortools               -44.3%      [-50.8, -37.2]   2.38e-06     large
missed_overflow       static_sweep           66.7%       [27.2, 100.0]   3.39e-01     small
missed_overflow       threshold               0.0%          [0.0, 0.0]   1.00e+00negligible
missed_overflow       risk_graph             50.0%        [0.0, 100.0]   1.00e+00negligible
missed_overflow       genetic                 0.0%          [0.0, 0.0]   1.00e+00negligible
missed_overflow       aco                     0.0%          [0.0, 0.0]   1.00e+00negligible
missed_overflow       ortools                76.9%       [41.7, 100.0]   1.69e-01     small
mean_hazard_response_hstatic_sweep          -20.8%       [-83.3, 13.7]   1.00e+00negligible
mean_hazard_response_hthreshold             -68.1%     [-128.2, -37.7]   1.05e-02     small
mean_hazard_response_hrisk_graph            -34.3%       [-118.2, 7.9]   8.76e-01negligible
mean_hazard_response_hgenetic               -30.6%        [-91.7, 0.9]   6.26e-01negligible
mean_hazard_response_haco                   -26.8%       [-69.5, -3.7]   6.22e-01negligible
mean_hazard_response_hortools               -81.3%     [-273.7, -19.8]   1.69e-01     small
objective             static_sweep           83.9%        [82.1, 85.5]   1.79e-06     large
objective             threshold              91.8%        [90.7, 92.7]   1.79e-06     large
objective             risk_graph             20.1%        [13.0, 27.8]   3.54e-05     large
objective             genetic                44.0%        [40.8, 46.9]   1.79e-06     large
objective             aco                     0.5%         [-3.7, 3.1]   1.13e-01    medium
objective             ortools                88.3%        [86.5, 89.7]   1.79e-06     large

Saved C:\Users\ahbab\Downloads\Micro Paper\WasteBins\experiments\results\fleet_wyndham.json (348.9s)
