
=== 2026-10-02 19:03:57 experiments.exp_compare --study budget-2 --shard 1 --of 2
[budget-2] shard 1/2: 3 of 6 units
  S0 snapshot 1

=== 2026-10-02 19:10:20 experiments.exp_compare --study budget-2 --shard 1 --of 2
[budget-2] shard 1/2: 3 of 6 units
  S0 snapshot 1
    ortools             full            obj    1104.7  served 160   387.7s
    aco                 full            obj    1181.9  served 156   384.9s
    genetic             full            obj    1202.4  served 159   384.9s
  S0 snapshot 1: 3 solves, 1165s (total 19.4 min)
  S0 snapshot 3
    ortools             full            obj     860.2  served 159   401.5s
    aco                 full            obj     889.8  served 159   401.5s
    genetic             full            obj     987.0  served 156   401.5s
  S0 snapshot 3: 3 solves, 1212s (total 39.6 min)
  S0 snapshot 5
    ortools             full            obj    1121.8  served 159   310.5s
    aco                 full            obj    1208.8  served 157   310.5s
    genetic             full            obj    1246.0  served 159   310.5s
  S0 snapshot 5: 3 solves, 939s (total 55.3 min)
[budget-2] shard 1 finished

=== 2026-10-03 18:32:07 experiments.exp_compare --study budget-2 --shard 1 --of 2
[budget-2] shard 1/2: 3 of 6 units
  S0 snapshot 1
    ortools             full            obj    1104.7  served 160   384.9s
    aco                 full            obj    1181.9  served 156   384.9s
    genetic             full            obj    1203.8  served 157   384.9s
  S0 snapshot 1: 3 solves, 1159s (total 19.3 min)
  S0 snapshot 3
    ortools             full            obj     860.2  served 159   401.5s
    aco                 full            obj     889.8  served 159   401.5s
    genetic             full            obj     969.9  served 158   401.5s
  S0 snapshot 3: 3 solves, 1208s (total 39.5 min)
  S0 snapshot 5
    ortools             full            obj    1121.8  served 159   310.5s
    aco                 full            obj    1210.3  served 157   312.8s
    genetic             full            obj    1284.7  served 158   310.5s
  S0 snapshot 5: 3 solves, 938s (total 55.1 min)
[budget-2] shard 1 finished

=== 2026-10-04 06:50:19 experiments.exp_compare --study budget-2 --shard 1 --of 2
[budget-2] shard 1/2: 3 of 6 units
  S0 snapshot 1
  S0 snapshot 1: 0 solves, 0s (total 0.0 min)
  S0 snapshot 3
  S0 snapshot 3: 0 solves, 0s (total 0.0 min)
  S0 snapshot 5
  S0 snapshot 5: 0 solves, 0s (total 0.0 min)
[budget-2] shard 1 finished
