
=== 2026-10-02 18:39:11 experiments.exp_compare --study depot-18 --shard 1 --of 2
[depot-18] shard 1/2: 4 of 8 units
  S0 snapshot 1
    ortools             full            obj    1192.1  served 160   177.2s
    aco                 full            obj    1340.0  served 158   177.1s
  S0 snapshot 1: 3 solves, 539s (total 9.0 min)
  S0 snapshot 3
    ortools             full            obj     919.3  served 158   156.2s
    aco                 full            obj    1074.9  served 159   156.2s
  S0 snapshot 3: 3 solves, 476s (total 16.9 min)
  S0 snapshot 5
    ortools             full            obj    1173.9  served 160   159.5s
    aco                 full            obj    1326.9  served 158   159.5s
  S0 snapshot 5: 3 solves, 485s (total 25.0 min)
  S0 snapshot 7

=== 2026-10-02 19:10:13 experiments.exp_compare --study depot-18 --shard 1 --of 2
[depot-18] shard 1/2: 4 of 8 units
  S0 snapshot 1
    ortools             full            obj    1192.1  served 160   156.8s
    aco                 full            obj    1296.6  served 158   156.7s
  S0 snapshot 1: 3 solves, 479s (total 8.0 min)
  S0 snapshot 3
    ortools             full            obj     919.3  served 158   135.9s
    aco                 full            obj    1074.9  served 159   135.9s
  S0 snapshot 3: 3 solves, 415s (total 14.9 min)
  S0 snapshot 5
    ortools             full            obj    1173.9  served 160   159.9s
    aco                 full            obj    1310.7  served 158   159.9s
  S0 snapshot 5: 3 solves, 488s (total 23.0 min)
  S0 snapshot 7
    ortools             full            obj     912.5  served 159   155.5s
    aco                 full            obj    1009.8  served 147   156.0s
  S0 snapshot 7: 3 solves, 474s (total 30.9 min)
[depot-18] shard 1 finished
