
=== 2026-10-02 18:46:20 experiments.exp_compare --study depot-point_cook --shard 0 --of 2
[depot-point_cook] shard 0/2: 5 of 10 units
  W snapshot 0
    ortools             full            obj     134.4  served  29    26.4s
    aco                 full            obj     134.4  served  29    21.9s
  W snapshot 0: 3 solves, 75s (total 1.3 min)
  W snapshot 2
    ortools             full            obj     134.2  served  31    28.9s
    aco                 full            obj     135.0  served  31    24.0s
  W snapshot 2: 3 solves, 82s (total 2.6 min)
  W snapshot 4
    ortools             full            obj     134.7  served  32    27.9s
    aco                 full            obj     134.6  served  32    23.6s
  W snapshot 4: 3 solves, 80s (total 3.9 min)
  W snapshot 6
    ortools             full            obj     129.9  served  30    30.2s
    aco                 full            obj     129.9  served  30    25.2s
  W snapshot 6: 3 solves, 86s (total 5.4 min)
  W snapshot 8
    ortools             full            obj     135.9  served  32    28.4s
    aco                 full            obj     136.2  served  32    23.6s
  W snapshot 8: 3 solves, 81s (total 6.7 min)
[depot-point_cook] shard 0 finished

=== 2026-10-02 19:10:14 experiments.exp_compare --study depot-point_cook --shard 0 --of 2
[depot-point_cook] shard 0/2: 5 of 10 units
  W snapshot 0
  W snapshot 0: 0 solves, 0s (total 0.0 min)
  W snapshot 2
  W snapshot 2: 0 solves, 0s (total 0.0 min)
  W snapshot 4
  W snapshot 4: 0 solves, 0s (total 0.0 min)
  W snapshot 6
  W snapshot 6: 0 solves, 0s (total 0.0 min)
  W snapshot 8
  W snapshot 8: 0 solves, 0s (total 0.0 min)
[depot-point_cook] shard 0 finished

=== 2026-10-04 06:47:43 experiments.exp_compare --study depot-point_cook --shard 0 --of 2
[depot-point_cook] shard 0/2: 5 of 10 units
  W snapshot 0
    ortools             full            obj     134.4  served  29    26.8s
    aco                 full            obj     134.4  served  29    22.2s
  W snapshot 0: 3 solves, 76s (total 1.3 min)
  W snapshot 2
    ortools             full            obj     134.2  served  31    30.9s
    aco                 full            obj     135.0  served  31    25.3s
  W snapshot 2: 3 solves, 87s (total 2.7 min)
  W snapshot 4
    ortools             full            obj     134.7  served  32    28.6s
    aco                 full            obj     134.6  served  32    23.9s
  W snapshot 4: 3 solves, 81s (total 4.1 min)
  W snapshot 6
    ortools             full            obj     129.9  served  30    28.4s
    aco                 full            obj     129.9  served  30    23.4s
  W snapshot 6: 3 solves, 80s (total 5.4 min)
  W snapshot 8
    ortools             full            obj     135.9  served  32    29.0s
    aco                 full            obj     136.5  served  32    24.2s
  W snapshot 8: 3 solves, 82s (total 6.8 min)
[depot-point_cook] shard 0 finished
