
=== 2026-10-02 18:39:47 experiments.exp_compare --study depot-werribee --shard 1 --of 2
[depot-werribee] shard 1/2: 5 of 10 units
  W snapshot 1
    ortools             full            obj     136.9  served  22    28.8s
    aco                 full            obj     137.1  served  22    23.1s
  W snapshot 1: 3 solves, 81s (total 1.3 min)
  W snapshot 3
    ortools             full            obj     137.3  served  32    30.5s
    aco                 full            obj     138.9  served  32    24.0s
  W snapshot 3: 3 solves, 85s (total 2.8 min)
  W snapshot 5
    ortools             full            obj     140.7  served  31    27.1s
    aco                 full            obj     142.1  served  30    22.2s
  W snapshot 5: 3 solves, 77s (total 4.0 min)
  W snapshot 7
    ortools             full            obj     142.5  served  32    30.3s
    aco                 full            obj     145.3  served  32    25.1s
  W snapshot 7: 3 solves, 86s (total 5.5 min)
  W snapshot 9
    ortools             full            obj     135.3  served  31    29.8s
    aco                 full            obj     135.7  served  31    26.1s
  W snapshot 9: 3 solves, 86s (total 6.9 min)
[depot-werribee] shard 1 finished

=== 2026-10-02 19:10:13 experiments.exp_compare --study depot-werribee --shard 1 --of 2
[depot-werribee] shard 1/2: 5 of 10 units
  W snapshot 1
  W snapshot 1: 0 solves, 0s (total 0.0 min)
  W snapshot 3
  W snapshot 3: 0 solves, 0s (total 0.0 min)
  W snapshot 5
  W snapshot 5: 0 solves, 0s (total 0.0 min)
  W snapshot 7
  W snapshot 7: 0 solves, 0s (total 0.0 min)
  W snapshot 9
  W snapshot 9: 0 solves, 0s (total 0.0 min)
[depot-werribee] shard 1 finished

=== 2026-10-04 06:43:14 experiments.exp_compare --study depot-werribee --shard 1 --of 2
[depot-werribee] shard 1/2: 5 of 10 units
  W snapshot 1
    ortools             full            obj     136.9  served  22    27.9s
    aco                 full            obj     137.1  served  22    22.3s
  W snapshot 1: 3 solves, 78s (total 1.3 min)
  W snapshot 3
    ortools             full            obj     137.3  served  32    30.2s
    aco                 full            obj     138.9  served  32    23.8s
  W snapshot 3: 3 solves, 84s (total 2.7 min)
  W snapshot 5
    ortools             full            obj     140.7  served  31    28.1s
    aco                 full            obj     142.1  served  30    23.0s
  W snapshot 5: 3 solves, 79s (total 4.0 min)
  W snapshot 7
    ortools             full            obj     142.5  served  32    29.9s
    aco                 full            obj     145.3  served  32    25.0s
  W snapshot 7: 3 solves, 85s (total 5.5 min)
  W snapshot 9
    ortools             full            obj     135.3  served  31    29.8s
    aco                 full            obj     135.7  served  31    25.8s
  W snapshot 9: 3 solves, 85s (total 6.9 min)
[depot-werribee] shard 1 finished
