
=== 2026-10-02 17:16:27 experiments.exp_compare --study depot-4 --shard 1 --of 2
[depot-4] shard 1/2: 4 of 8 units
  S0 snapshot 1
    ortools             full            obj    1096.9  served 159   211.4s
    aco                 full            obj    1255.3  served 157   214.8s
  S0 snapshot 1: 3 solves, 647s (total 10.8 min)
  S0 snapshot 3
    ortools             full            obj     867.6  served 159   232.2s
    aco                 full            obj     984.0  served 153   232.2s
  S0 snapshot 3: 3 solves, 705s (total 22.5 min)
  S0 snapshot 5
    ortools             full            obj    1126.6  served 160   256.4s
    aco                 full            obj    1283.7  served 153   256.4s
  S0 snapshot 5: 3 solves, 780s (total 35.5 min)
  S0 snapshot 7
    ortools             full            obj     777.9  served 159   230.0s
    aco                 full            obj     885.8  served 154   230.0s
  S0 snapshot 7: 3 solves, 699s (total 47.2 min)
[depot-4] shard 1 finished

=== 2026-10-02 19:10:10 experiments.exp_compare --study depot-4 --shard 1 --of 2
[depot-4] shard 1/2: 4 of 8 units
  S0 snapshot 1
  S0 snapshot 1: 0 solves, 0s (total 0.0 min)
  S0 snapshot 3
  S0 snapshot 3: 0 solves, 0s (total 0.0 min)
  S0 snapshot 5
  S0 snapshot 5: 0 solves, 0s (total 0.0 min)
  S0 snapshot 7
  S0 snapshot 7: 0 solves, 0s (total 0.0 min)
[depot-4] shard 1 finished
