
=== 2026-10-01 17:27:32 experiments.exp_compare --study main --shard 9 --of 13
[main] shard 9/13: 5 of 65 units
  S0 snapshot 9
    ortools             full            obj     927.0  served 159   186.7s
    aco                 full            obj    1048.6  served 158   186.6s
    genetic             full            obj    1228.6  served 158   186.6s
    risk_graph          tier_unbounded  obj    2023.9  served 160     0.0s
    static_sweep        full            obj    2604.6  served 154     0.0s
    threshold           full            obj    8646.2  served  61    41.2s
  S0 snapshot 9: 7 solves, 793s (total 13.2 min)
  S0 snapshot 22
    ortools             full            obj     858.5  served 159   180.0s
    aco                 full            obj     982.0  served 157   180.1s
    genetic             full            obj    1045.7  served 157   180.0s
    risk_graph          tier_unbounded  obj    1425.6  served 160     0.0s
    static_sweep        full            obj    2237.3  served 159     0.0s
    threshold           full            obj    8489.9  served  64    46.5s
  S0 snapshot 22: 7 solves, 771s (total 26.1 min)
  S2 snapshot 0
    ortools             full            obj     794.5  served 160   197.6s
    aco                 full            obj     919.2  served 156   197.6s
    genetic             full            obj    1018.4  served 158   197.6s
    risk_graph          tier_unbounded  obj    1780.4  served 160     0.0s
    static_sweep        full            obj    2862.9  served 158     0.0s
    threshold           full            obj    7387.4  served  67    50.3s
  S2 snapshot 0: 7 solves, 845s (total 40.2 min)
  S3 snapshot 3
    ortools             full            obj     939.7  served 160   176.0s
    aco                 full            obj    1051.4  served 159   176.0s
    genetic             full            obj    1114.8  served 158   176.0s
    risk_graph          tier_unbounded  obj    1523.0  served 160     0.0s
    static_sweep        full            obj    2225.2  served 155     0.0s
    threshold           full            obj    7725.4  served  62    45.6s
  S3 snapshot 3: 7 solves, 754s (total 52.7 min)
  S4 snapshot 6
    ortools             full            obj     691.1  served 160   177.0s
    aco                 full            obj     760.8  served 157   177.0s
    genetic             full            obj     907.7  served 157   177.0s
    risk_graph          tier_unbounded  obj    1345.7  served 160     0.0s
    static_sweep        full            obj    1996.8  served 158     0.0s
    threshold           full            obj    8264.1  served  59    27.5s
  S4 snapshot 6: 7 solves, 740s (total 65.1 min)
[main] shard 9 finished

=== 2026-10-02 01:54:41 experiments.exp_compare --study main --shard 9 --of 13
[main] shard 9/13: 5 of 65 units
  S0 snapshot 9
  S0 snapshot 9: 0 solves, 0s (total 0.0 min)
  S0 snapshot 22
  S0 snapshot 22: 0 solves, 0s (total 0.0 min)
  S2 snapshot 0
  S2 snapshot 0: 0 solves, 0s (total 0.0 min)
  S3 snapshot 3
  S3 snapshot 3: 0 solves, 0s (total 0.0 min)
  S4 snapshot 6
  S4 snapshot 6: 0 solves, 0s (total 0.0 min)
[main] shard 9 finished

=== 2026-10-03 19:38:47 experiments.exp_compare --study main --shard 9 --of 13
[main] shard 9/13: 5 of 65 units
  S0 snapshot 9
  S0 snapshot 9: 0 solves, 0s (total 0.0 min)
  S0 snapshot 22
  S0 snapshot 22: 0 solves, 0s (total 0.0 min)
  S2 snapshot 0
  S2 snapshot 0: 0 solves, 0s (total 0.0 min)
  S3 snapshot 3
  S3 snapshot 3: 0 solves, 0s (total 0.0 min)
  S4 snapshot 6
  S4 snapshot 6: 0 solves, 0s (total 0.0 min)
[main] shard 9 finished
