
=== 2026-10-01 23:14:18 experiments.exp_rollout --load moderate --networks R0,R1,R2,R3,R4,R5,R6,R7,R8,R9,R10,R11,R12,R13,R14,R15 --shard 15 --of 16
[rollout-moderate] shard 15/16: networks ['R15']
  R15 insertion   full             wait mean  19.4 p95    48 max    48  never  0  overflow  0.21%  served 37.2  km  43.3  use  99%   6.4 min
  R15 insertion   urgency          wait mean  19.8 p95    48 max   144  never  0  overflow  0.36%  served 36.6  km  37.2  use  98%   6.5 min
  R15 insertion   ageing           wait mean  20.1 p95    36 max    84  never  0  overflow  0.16%  served 35.8  km  37.6  use  98%   6.0 min
  R15 insertion   tier_bounded     wait mean  19.3 p95    48 max    48  never  0  overflow  0.05%  served 37.2  km  43.9  use  99%   6.1 min
  R15 insertion   tier_unbounded   wait mean  19.5 p95    48 max    48  never  0  overflow  0.21%  served 36.8  km  42.7  use  99%   6.2 min
  R15 insertion   reserve_bounded  wait mean  19.3 p95    48 max    48  never  0  overflow  0.10%  served 37.3  km  43.6  use  99%   6.5 min
  R15 insertion   full_r2          wait mean  19.4 p95    48 max    48  never  0  overflow  0.26%  served 37.2  km  41.4  use  99%   6.3 min
  R15 insertion   full_r4          wait mean  19.5 p95    48 max    60  never  0  overflow  0.21%  served 36.8  km  43.6  use  99%   6.5 min
  R15 insertion   full_r8          wait mean  19.4 p95    48 max    48  never  0  overflow  0.16%  served 37.2  km  43.6  use  99%   6.5 min
  R15 insertion   full_ageing      wait mean  19.6 p95    36 max    48  never  0  overflow  0.10%  served 36.3  km  42.1  use  99%   6.0 min
  R15 ortools     urgency          wait mean  17.3 p95    36 max   180  never  0  overflow  0.36%  served 41.6  km  39.8  use  99%   6.4 min
  R15 ortools     tier_unbounded   wait mean  17.7 p95    48 max    72  never  0  overflow  0.16%  served 40.6  km  42.8  use  99%   6.4 min
  R15 ortools     full             wait mean  17.7 p95    36 max    48  never  0  overflow  0.10%  served 40.6  km  43.7  use  99%   6.4 min
  R15 ortools     full_r4          wait mean  17.8 p95    48 max    60  never  0  overflow  0.10%  served 40.7  km  42.9  use  99%   6.4 min
  R15 aco         tier_unbounded   wait mean  24.9 p95    48 max    84  never  0  overflow  1.15%  served 29.1  km  29.7  use  98%   6.5 min
  R15 genetic     tier_unbounded   wait mean  22.7 p95    48 max    60  never  0  overflow  0.26%  served 31.8  km  40.2  use  97%   6.5 min
  R15 risk_graph  tier_unbounded   wait mean  61.0 p95   120 max   300  never  0  overflow  7.60%  served 12.0  km  13.1  use  99%   0.0 min
  R15 static_sweepfull             wait mean  36.0 p95    36 max    36  never  0  overflow  3.33%  served 20.1  km  28.4  use  99%   0.0 min
  R15 threshold   full             wait mean  59.1 p95   120 max   228  never  0  overflow  2.97%  served 12.0  km  27.0  use  85%   1.3 min
  R15: 19 chains, 103.0 min
[rollout-moderate] shard 15 finished

=== 2026-10-02 01:54:54 experiments.exp_rollout --load moderate --networks R0,R1,R2,R3,R4,R5,R6,R7,R8,R9,R10,R11,R12,R13,R14,R15 --shard 15 --of 16
[rollout-moderate] shard 15/16: networks ['R15']
  R15: 0 chains, 0.0 min
[rollout-moderate] shard 15 finished

=== 2026-10-03 19:38:58 experiments.exp_rollout --load moderate --networks R0,R1,R2,R3,R4,R5,R6,R7,R8,R9,R10,R11,R12,R13,R14,R15 --shard 15 --of 16
[rollout-moderate] shard 15/16: networks ['R15']
  R15: 0 chains, 0.0 min
[rollout-moderate] shard 15 finished
