
=== 2026-10-02 07:15:51 experiments.exp_rollout --load tight --networks R0,R1,R2,R3,R4,R5,R6,R7,R8,R9,R10,R11,R12,R13,R14,R15 --shard 14 --of 16
[rollout-tight] shard 14/16: networks ['R14']
  R14 insertion   full             wait mean  23.5 p95    48 max    72  never  0  overflow  8.23%  served 30.9  km  66.4  use 100%   5.3 min
  R14 insertion   urgency          wait mean  22.9 p95    48 max   144  never  0  overflow  7.24%  served 31.6  km  65.9  use 100%   5.3 min
  R14 insertion   ageing           wait mean  23.3 p95    48 max   144  never  0  overflow  7.97%  served 30.9  km  66.6  use 100%   4.9 min
  R14 insertion   tier_unbounded   wait mean  23.3 p95    48 max    84  never  0  overflow  7.50%  served 30.9  km  67.2  use 100%   5.3 min
  R14 insertion   full_r4          wait mean  24.0 p95    48 max    60  never  0  overflow  7.76%  served 30.3  km  67.3  use  99%   5.4 min
  R14 ortools     urgency          wait mean  20.2 p95    48 max   144  never  0  overflow  5.26%  served 35.9  km  56.8  use  99%   5.3 min
  R14 ortools     tier_unbounded   wait mean  19.6 p95    48 max   204  never  0  overflow  5.36%  served 36.5  km  54.1  use  99%   5.3 min
  R14 ortools     full             wait mean  20.1 p95    48 max    72  never  0  overflow  5.62%  served 36.2  km  55.7  use  99%   5.3 min
  R14 ortools     full_r4          wait mean  20.6 p95    48 max    60  never  0  overflow  5.68%  served 35.3  km  57.8  use  99%   5.4 min
  R14 static_sweepfull             wait mean  60.1 p95    60 max    72  never  0  overflow 16.09%  served 12.2  km  22.9  use  99%   0.0 min
  R14 threshold   full             wait mean  36.4 p95    72 max   120  never  0  overflow 15.05%  served 20.0  km  50.8  use  99%   1.9 min
  R14: 11 chains, 49.5 min
[rollout-tight] shard 14 finished

=== 2026-10-02 19:09:45 experiments.exp_rollout --load tight --networks R0,R1,R2,R3,R4,R5,R6,R7,R8,R9,R10,R11,R12,R13,R14,R15 --shard 14 --of 16
[rollout-tight] shard 14/16: networks ['R14']
  R14: 0 chains, 0.0 min
[rollout-tight] shard 14 finished

=== 2026-10-04 01:51:23 experiments.exp_rollout --load tight --networks R0,R1,R2,R3,R4,R5,R6,R7,R8,R9,R10,R11,R12,R13,R14,R15 --shard 14 --of 16
[rollout-tight] shard 14/16: networks ['R14']
  R14 insertion   full             wait mean  23.0 p95    48 max    72  never  0  overflow  7.60%  served 31.3  km  65.3  use 100%   4.6 min
  R14 insertion   urgency          wait mean  23.3 p95    48 max   144  never  0  overflow  7.55%  served 31.0  km  66.6  use 100%   4.5 min
  R14 insertion   ageing           wait mean  23.1 p95    48 max   144  never  0  overflow  7.45%  served 31.2  km  67.1  use 100%   4.5 min
  R14 insertion   tier_unbounded   wait mean  23.3 p95    48 max    84  never  0  overflow  8.02%  served 30.9  km  66.7  use 100%   4.4 min
  R14 insertion   full_r4          wait mean  23.4 p95    48 max    60  never  0  overflow  7.24%  served 31.2  km  66.4  use 100%   4.5 min
  R14 ortools     urgency          wait mean  20.2 p95    48 max   156  never  0  overflow  4.90%  served 35.4  km  57.4  use  99%   4.6 min
  R14 ortools     tier_unbounded   wait mean  20.0 p95    48 max   336  never  0  overflow  4.95%  served 36.3  km  54.9  use  99%   4.6 min
  R14 ortools     full             wait mean  20.5 p95    48 max    72  never  0  overflow  5.62%  served 35.1  km  58.2  use  99%   4.6 min
  R14 ortools     full_r4          wait mean  21.0 p95    48 max    60  never  0  overflow  6.30%  served 34.2  km  59.1  use  99%   4.6 min
  R14 static_sweepfull             wait mean  60.1 p95    60 max    72  never  0  overflow 16.09%  served 12.2  km  22.9  use  99%   0.0 min
  R14 threshold   full             wait mean  36.1 p95    60 max   120  never  0  overflow 14.22%  served 20.0  km  50.3  use  99%   1.8 min
  R14: 11 chains, 42.9 min
[rollout-tight] shard 14 finished
