
=== 2026-10-02 04:54:07 experiments.exp_rollout --load tight --networks R0,R1,R2,R3,R4,R5,R6,R7,R8,R9,R10,R11,R12,R13,R14,R15 --shard 6 --of 16
[rollout-tight] shard 6/16: networks ['R6']
  R6 insertion   full             wait mean  22.7 p95    48 max    72  never  0  overflow  6.51%  served 31.7  km  57.6  use 100%   4.7 min
  R6 insertion   urgency          wait mean  22.7 p95    48 max   180  never  0  overflow  6.51%  served 31.5  km  58.3  use 100%   4.5 min
  R6 insertion   ageing           wait mean  23.6 p95    48 max   168  never  0  overflow  6.61%  served 30.5  km  60.4  use 100%   4.4 min
  R6 insertion   tier_unbounded   wait mean  22.6 p95    48 max    96  never  0  overflow  6.67%  served 31.6  km  56.9  use 100%   4.5 min
  R6 insertion   full_r4          wait mean  23.8 p95    48 max    72  never  0  overflow  6.72%  served 30.4  km  61.1  use 100%   4.5 min
  R6 ortools     urgency          wait mean  19.1 p95    48 max   468  never  1  overflow  3.54%  served 36.9  km  47.8  use  99%   4.7 min
  R6 ortools     tier_unbounded   wait mean  19.7 p95    48 max   276  never  0  overflow  3.44%  served 36.4  km  49.3  use  99%   4.7 min
  R6 ortools     full             wait mean  20.8 p95    48 max    72  never  0  overflow  4.43%  served 34.4  km  52.7  use  99%   4.7 min
  R6 ortools     full_r4          wait mean  21.5 p95    48 max    60  never  0  overflow  5.05%  served 33.4  km  54.7  use 100%   4.8 min
  R6 static_sweepfull             wait mean  60.0 p95    60 max    72  never  0  overflow 16.88%  served 11.7  km  23.6  use  99%   0.0 min
  R6 threshold   full             wait mean  36.4 p95    60 max   144  never  0  overflow 12.34%  served 19.8  km  50.2  use  98%   1.8 min
  R6: 11 chains, 43.4 min
[rollout-tight] shard 6 finished

=== 2026-10-02 19:09:40 experiments.exp_rollout --load tight --networks R0,R1,R2,R3,R4,R5,R6,R7,R8,R9,R10,R11,R12,R13,R14,R15 --shard 6 --of 16
[rollout-tight] shard 6/16: networks ['R6']
  R6: 0 chains, 0.0 min
[rollout-tight] shard 6 finished

=== 2026-10-04 00:42:04 experiments.exp_rollout --load tight --networks R0,R1,R2,R3,R4,R5,R6,R7,R8,R9,R10,R11,R12,R13,R14,R15 --shard 6 --of 16
[rollout-tight] shard 6/16: networks ['R6']
  R6 insertion   full             wait mean  22.7 p95    48 max    72  never  0  overflow  6.04%  served 31.5  km  56.9  use 100%   4.5 min
  R6 insertion   urgency          wait mean  22.7 p95    48 max   180  never  0  overflow  6.51%  served 31.5  km  58.3  use 100%   4.4 min
  R6 insertion   ageing           wait mean  23.1 p95    48 max   168  never  0  overflow  6.46%  served 31.1  km  58.7  use 100%   4.3 min
  R6 insertion   tier_unbounded   wait mean  23.2 p95    48 max    72  never  0  overflow  6.41%  served 30.8  km  59.2  use 100%   4.3 min
  R6 insertion   full_r4          wait mean  23.1 p95    48 max    72  never  0  overflow  6.20%  served 31.0  km  59.6  use 100%   4.5 min
  R6 ortools     urgency          wait mean  19.7 p95    36 max   468  never  1  overflow  3.33%  served 35.8  km  50.3  use  99%   4.5 min
  R6 ortools     tier_unbounded   wait mean  19.4 p95    48 max   468  never  1  overflow  3.33%  served 36.4  km  48.5  use  99%   4.5 min
  R6 ortools     full             wait mean  20.7 p95    48 max    72  never  0  overflow  4.38%  served 34.7  km  52.2  use  99%   4.5 min
  R6 ortools     full_r4          wait mean  21.5 p95    48 max    60  never  0  overflow  5.05%  served 33.4  km  54.7  use 100%   4.5 min
  R6 static_sweepfull             wait mean  60.0 p95    60 max    72  never  0  overflow 16.88%  served 11.7  km  23.6  use  99%   0.0 min
  R6 threshold   full             wait mean  36.0 p95    63 max   144  never  0  overflow 11.98%  served 19.9  km  50.9  use  98%   1.8 min
  R6: 11 chains, 41.7 min
[rollout-tight] shard 6 finished
