
=== 2026-10-02 05:13:38 experiments.exp_rollout --load tight --networks R0,R1,R2,R3,R4,R5,R6,R7,R8,R9,R10,R11,R12,R13,R14,R15 --shard 7 --of 16
[rollout-tight] shard 7/16: networks ['R7']
  R7 insertion   full             wait mean  23.3 p95    48 max    60  never  0  overflow  4.74%  served 31.0  km  67.3  use  99%   4.7 min
  R7 insertion   urgency          wait mean  23.2 p95    48 max   180  never  0  overflow  5.00%  served 31.2  km  66.3  use  99%   4.7 min
  R7 insertion   ageing           wait mean  23.1 p95    48 max   180  never  0  overflow  4.53%  served 31.2  km  66.9  use  99%   4.6 min
  R7 insertion   tier_unbounded   wait mean  23.0 p95    48 max    48  never  0  overflow  5.16%  served 31.5  km  67.5  use  99%   4.6 min
  R7 insertion   full_r4          wait mean  22.9 p95    48 max    60  never  0  overflow  4.69%  served 31.6  km  66.2  use 100%   4.6 min
  R7 ortools     urgency          wait mean  21.4 p95    48 max   120  never  0  overflow  4.17%  served 33.7  km  62.5  use  99%   4.7 min
  R7 ortools     tier_unbounded   wait mean  21.3 p95    48 max    60  never  0  overflow  3.96%  served 33.8  km  61.5  use  99%   4.7 min
  R7 ortools     full             wait mean  21.3 p95    48 max    72  never  0  overflow  4.11%  served 33.6  km  61.5  use  99%   4.7 min
  R7 ortools     full_r4          wait mean  21.7 p95    48 max    48  never  0  overflow  4.22%  served 33.1  km  64.2  use  99%   4.7 min
  R7 static_sweepfull             wait mean  60.0 p95    60 max    60  never  0  overflow 16.15%  served 11.8  km  23.4  use  99%   0.0 min
  R7 threshold   full             wait mean  38.2 p95    72 max   192  never  0  overflow  9.90%  served 18.8  km  52.4  use  97%   1.8 min
  R7: 11 chains, 43.5 min
[rollout-tight] shard 7 finished

=== 2026-10-02 19:09:40 experiments.exp_rollout --load tight --networks R0,R1,R2,R3,R4,R5,R6,R7,R8,R9,R10,R11,R12,R13,R14,R15 --shard 7 --of 16
[rollout-tight] shard 7/16: networks ['R7']
  R7: 0 chains, 0.0 min
[rollout-tight] shard 7 finished

=== 2026-10-04 00:55:46 experiments.exp_rollout --load tight --networks R0,R1,R2,R3,R4,R5,R6,R7,R8,R9,R10,R11,R12,R13,R14,R15 --shard 7 --of 16
[rollout-tight] shard 7/16: networks ['R7']
  R7 insertion   full             wait mean  23.3 p95    48 max    60  never  0  overflow  4.69%  served 31.0  km  67.3  use  99%   4.5 min
  R7 insertion   urgency          wait mean  23.5 p95    48 max   204  never  0  overflow  4.64%  served 30.8  km  67.3  use  99%   4.5 min
  R7 insertion   ageing           wait mean  23.1 p95    48 max   180  never  0  overflow  4.53%  served 31.2  km  66.9  use  99%   4.6 min
  R7 insertion   tier_unbounded   wait mean  23.4 p95    48 max    72  never  0  overflow  5.26%  served 30.8  km  67.9  use  99%   4.5 min
  R7 insertion   full_r4          wait mean  23.1 p95    48 max    48  never  0  overflow  4.69%  served 31.3  km  66.0  use 100%   4.5 min
  R7 ortools     urgency          wait mean  21.4 p95    48 max   120  never  0  overflow  4.17%  served 33.7  km  62.5  use  99%   4.5 min
  R7 ortools     tier_unbounded   wait mean  21.5 p95    48 max    72  never  0  overflow  3.75%  served 33.6  km  62.6  use  99%   4.5 min
  R7 ortools     full             wait mean  21.3 p95    48 max    72  never  0  overflow  4.38%  served 33.8  km  62.3  use  99%   4.5 min
  R7 ortools     full_r4          wait mean  21.7 p95    48 max    48  never  0  overflow  4.22%  served 33.1  km  64.2  use  99%   4.5 min
  R7 static_sweepfull             wait mean  60.0 p95    60 max    60  never  0  overflow 16.15%  served 11.8  km  23.4  use  99%   0.0 min
  R7 threshold   full             wait mean  38.0 p95    72 max   192  never  0  overflow  9.48%  served 18.9  km  54.8  use  97%   1.8 min
  R7: 11 chains, 42.5 min
[rollout-tight] shard 7 finished
