
=== 2026-10-02 08:53:01 experiments.exp_rollout --load hazard --shard 6 --of 8
[rollout-hazard] shard 6/8: networks ['R6']
  R6 insertion   full             wait mean  22.5 p95    60 max    96  never  0  overflow  1.35%  served 31.7  km  52.1  use  99%   5.2 min
  R6 insertion   tier_unbounded   wait mean  22.3 p95    48 max   156  never  0  overflow  1.15%  served 32.1  km  52.0  use  99%   5.4 min
  R6 insertion   full_r4          wait mean  22.9 p95    48 max    60  never  0  overflow  0.89%  served 31.4  km  52.8  use  99%   5.3 min
  R6 ortools     tier_unbounded   wait mean  20.0 p95    48 max   156  never  0  overflow  0.26%  served 35.9  km  46.4  use  99%   5.2 min
  R6 ortools     full             wait mean  20.8 p95    48 max    60  never  0  overflow  0.26%  served 34.9  km  48.4  use  99%   5.2 min
  R6: 5 chains, 26.3 min
[rollout-hazard] shard 6 finished

=== 2026-10-02 19:09:50 experiments.exp_rollout --load hazard --shard 6 --of 8
[rollout-hazard] shard 6/8: networks ['R6']
  R6: 0 chains, 0.0 min
[rollout-hazard] shard 6 finished

=== 2026-10-04 03:01:49 experiments.exp_rollout --load hazard --shard 6 --of 8
[rollout-hazard] shard 6/8: networks ['R6']
  R6 insertion   full             wait mean  22.6 p95    60 max    96  never  0  overflow  1.09%  served 31.7  km  53.2  use  99%   4.5 min
  R6 insertion   tier_unbounded   wait mean  22.4 p95    60 max   144  never  0  overflow  1.20%  served 32.1  km  53.0  use 100%   4.5 min
  R6 insertion   full_r4          wait mean  22.1 p95    48 max    60  never  0  overflow  0.62%  served 32.3  km  52.2  use 100%   4.6 min
  R6 ortools     tier_unbounded   wait mean  20.3 p95    48 max   156  never  0  overflow  0.36%  served 35.5  km  47.9  use  99%   4.6 min
  R6 ortools     full             wait mean  20.7 p95    48 max    72  never  0  overflow  0.31%  served 35.1  km  48.4  use  99%   4.6 min
  R6: 5 chains, 22.7 min
[rollout-hazard] shard 6 finished
