
=== 2026-10-01 22:06:47 experiments.exp_rollout --load moderate --networks R0,R1,R2,R3,R4,R5,R6,R7,R8,R9,R10,R11,R12,R13,R14,R15 --shard 11 --of 16
[rollout-moderate] shard 11/16: networks ['R11']
  R11 insertion   full             wait mean  21.3 p95    48 max    60  never  0  overflow  0.47%  served 33.8  km  46.1  use  99%   5.6 min
  R11 insertion   urgency          wait mean  21.0 p95    48 max   216  never  0  overflow  0.36%  served 34.1  km  37.9  use  97%   5.9 min
  R11 insertion   ageing           wait mean  21.5 p95    48 max   168  never  0  overflow  0.42%  served 33.8  km  41.4  use  97%   5.4 min
  R11 insertion   tier_bounded     wait mean  21.2 p95    48 max    60  never  0  overflow  0.68%  served 34.0  km  47.1  use  99%   5.8 min
  R11 insertion   tier_unbounded   wait mean  20.9 p95    48 max    60  never  0  overflow  0.73%  served 34.2  km  46.7  use  99%   5.8 min
  R11 insertion   reserve_bounded  wait mean  21.0 p95    48 max    60  never  0  overflow  0.31%  served 34.3  km  47.1  use  99%   5.9 min
  R11 insertion   full_r2          wait mean  20.7 p95    48 max    60  never  0  overflow  0.31%  served 34.7  km  44.8  use  99%   5.6 min
  R11 insertion   full_r4          wait mean  20.7 p95    48 max    60  never  0  overflow  0.42%  served 34.8  km  47.1  use 100%   5.9 min
  R11 insertion   full_r8          wait mean  20.7 p95    48 max    60  never  0  overflow  0.36%  served 34.6  km  47.7  use  99%   5.4 min
  R11 insertion   full_ageing      wait mean  21.5 p95    48 max    60  never  0  overflow  0.42%  served 33.3  km  44.7  use 100%   5.3 min
  R11 ortools     urgency          wait mean  18.3 p95    48 max   216  never  0  overflow  0.42%  served 39.8  km  41.9  use  99%   5.6 min
  R11 ortools     tier_unbounded   wait mean  19.0 p95    48 max    72  never  0  overflow  0.16%  served 37.8  km  48.6  use  99%   5.6 min
  R11 ortools     full             wait mean  19.0 p95    48 max    60  never  0  overflow  0.21%  served 38.0  km  45.6  use  99%   5.6 min
  R11 ortools     full_r4          wait mean  19.0 p95    48 max    60  never  0  overflow  0.21%  served 37.9  km  46.5  use  99%   5.6 min
  R11 aco         tier_unbounded   wait mean  27.1 p95    60 max   156  never  0  overflow  1.77%  served 26.2  km  30.3  use  98%   5.7 min
  R11 genetic     tier_unbounded   wait mean  25.5 p95    48 max   108  never  0  overflow  0.68%  served 28.2  km  44.3  use  98%   5.7 min
  R11 risk_graph  tier_unbounded   wait mean  62.1 p95   108 max   468  never  9  overflow  7.60%  served  9.5  km   9.7  use 100%   0.0 min
  R11 static_sweepfull             wait mean  48.0 p95    48 max    60  never  0  overflow  4.84%  served 15.0  km  27.0  use  99%   0.0 min
  R11 threshold   full             wait mean  60.1 p95   108 max   264  never  0  overflow  2.97%  served 12.2  km  32.8  use  90%   1.4 min
  R11: 19 chains, 92.2 min
[rollout-moderate] shard 11 finished

=== 2026-10-02 01:54:51 experiments.exp_rollout --load moderate --networks R0,R1,R2,R3,R4,R5,R6,R7,R8,R9,R10,R11,R12,R13,R14,R15 --shard 11 --of 16
[rollout-moderate] shard 11/16: networks ['R11']
  R11: 0 chains, 0.0 min
[rollout-moderate] shard 11 finished
