
=== 2026-10-02 01:01:20 experiments.exp_weather --scenario heat --shard 1 --of 8
[weather-heat] shard 1/8: networks ['R1']
  R1 heat  blind    insertion full      served 37.0>35.4  dropped  3.9  max wait  132  breach False  heads lost 7  overflow 0.25>1.33   5.9 min
  R1 heat  blind    insertion urgency   served 36.9>36.2  dropped  5.0  max wait  144  breach None  heads lost 0  overflow 0.25>1.50   6.4 min
  R1 heat  blind    ortools   full      served 43.6>36.8  dropped  5.2  max wait  120  breach False  heads lost 8  overflow 0.12>1.17   5.9 min
  R1 heat  protectedinsertion full      served 38.5>35.2  dropped  4.4  max wait   72  breach False  heads lost 0  overflow 0.25>1.08   6.1 min
  R1 heat  protectedortools   full      served 44.0>37.2  dropped  5.9  max wait   96  breach False  heads lost 0  overflow 0.25>1.33   6.1 min
  R1 heat  current  insertion full      served 37.0>36.3  dropped  2.6  max wait   84  breach False  heads lost 4  overflow 0.25>0.92   5.8 min
  R1 heat  current  insertion urgency   served 37.6>34.8  dropped  2.4  max wait  144  breach None  heads lost 0  overflow 0.25>0.67   5.5 min
  R1 heat  current  ortools   full      served 43.4>37.8  dropped  2.8  max wait   72  breach False  heads lost 2  overflow 0.25>0.67   5.8 min

=== 2026-10-02 01:55:00 experiments.exp_weather --scenario heat --shard 1 --of 8
[weather-heat] shard 1/8: networks ['R1']

=== 2026-10-01 20:11:54 experiments.exp_weather --scenario heat --shard 1 --of 8
[weather-heat] shard 1/8: networks ['R1']
  R1 heat  blind    insertion full      served 38.1>34.2  dropped  3.8  max wait  144  breach False  heads lost 8  overflow 0.25>1.25   5.1 min
  R1 heat  blind    insertion urgency   served 38.6>36.6  dropped  4.8  max wait  240  breach None  heads lost 0  overflow 0.25>1.25   5.5 min
  R1 heat  blind    ortools   full      served 43.9>37.8  dropped  5.6  max wait  144  breach False  heads lost 7  overflow 0.12>1.42   5.1 min
  R1 heat  protectedinsertion full      served 37.1>35.2  dropped  4.3  max wait   96  breach False  heads lost 0  overflow 0.25>1.17   5.3 min
  R1 heat  protectedortools   full      served 44.0>37.4  dropped  5.5  max wait   96  breach False  heads lost 0  overflow 0.12>1.50   5.3 min
  R1 heat  current  insertion full      served 38.5>36.2  dropped  2.2  max wait   72  breach False  heads lost 4  overflow 0.25>0.67   5.3 min
  R1 heat  current  insertion urgency   served 37.1>36.5  dropped  2.2  max wait  192  breach None  heads lost 0  overflow 0.25>0.42   5.3 min
  R1 heat  current  ortools   full      served 42.8>37.8  dropped  2.4  max wait   72  breach False  heads lost 3  overflow 0.12>0.58   5.3 min
  R1 heat  forecast insertion full      served 38.4>34.7  dropped  0.7  max wait   60  breach False  heads lost 1  overflow 0.25>0.42   4.9 min
  R1 heat  forecast insertion urgency   served 39.4>35.6  dropped  0.6  max wait  204  breach None  heads lost 0  overflow 0.38>0.17   5.0 min
  R1 heat  forecast ortools   full      served 43.6>36.3  dropped  0.7  max wait   60  breach False  heads lost 0  overflow 0.25>0.33   4.9 min
  R1: 11 chains, 56.9 min
[weather-heat] shard 1 finished

=== 2026-10-01 23:01:58 experiments.exp_weather --scenario heat --shard 1 --of 8
[weather-heat] shard 1/8: networks ['R1']
  R1: 0 chains, 0.0 min
[weather-heat] shard 1 finished
