
=== 2026-10-02 01:53:07 experiments.exp_weather --scenario onset --shard 4 --of 8
[weather-onset] shard 4/8: networks ['R4']
  R4 onset blind    insertion full      served 36.1>33.3  dropped  1.7  max wait   84  breach False  heads lost 5  overflow 0.50>0.75   5.3 min
  R4 onset blind    insertion urgency   served 34.5>33.8  dropped  1.6  max wait  156  breach None  heads lost 0  overflow 0.38>0.67   5.2 min
  R4 onset blind    ortools   full      served 38.5>35.8  dropped  1.3  max wait   72  breach False  heads lost 3  overflow 0.25>0.33   5.3 min
  R4 onset protectedinsertion full      served 35.8>33.3  dropped  2.1  max wait   72  breach False  heads lost 0  overflow 0.38>0.58   5.5 min
  R4 onset protectedortools   full      served 38.8>35.4  dropped  2.2  max wait   60  breach False  heads lost 0  overflow 0.25>0.67   5.5 min
  R4 onset current  insertion full      served 34.9>34.2  dropped  1.2  max wait   72  breach False  heads lost 1  overflow 0.38>0.50   5.2 min
  R4 onset current  insertion urgency   served 34.0>33.5  dropped  1.1  max wait  168  breach None  heads lost 0  overflow 0.38>0.42   5.2 min
  R4 onset current  ortools   full      served 38.1>35.6  dropped  1.3  max wait   72  breach False  heads lost 2  overflow 0.25>0.50   5.2 min
  R4 onset forecast insertion full      served 35.2>32.2  dropped  0.4  max wait   60  breach False  heads lost 0  overflow 0.50>0.25   5.1 min
  R4 onset forecast insertion urgency   served 35.1>35.6  dropped  0.2  max wait  132  breach None  heads lost 0  overflow 0.50>0.25   5.2 min
  R4 onset forecast ortools   full      served 37.6>35.1  dropped  0.2  max wait   60  breach False  heads lost 0  overflow 0.38>0.25   5.1 min
  R4: 11 chains, 57.7 min
[weather-onset] shard 4 finished

=== 2026-10-02 19:09:32 experiments.exp_weather --scenario onset --shard 4 --of 8
[weather-onset] shard 4/8: networks ['R4']
  R4: 0 chains, 0.0 min
[weather-onset] shard 4 finished

=== 2026-10-03 22:53:31 experiments.exp_weather --scenario onset --shard 4 --of 8
[weather-onset] shard 4/8: networks ['R4']
  R4 onset blind    insertion full      served 35.0>33.1  dropped  1.2  max wait   72  breach False  heads lost 3  overflow 0.50>0.83   4.9 min
  R4 onset blind    insertion urgency   served 33.2>34.5  dropped  2.3  max wait  156  breach None  heads lost 0  overflow 0.25>0.92   5.1 min
  R4 onset blind    ortools   full      served 38.4>34.9  dropped  2.1  max wait   84  breach False  heads lost 6  overflow 0.25>0.58   4.9 min
  R4 onset protectedinsertion full      served 35.0>30.7  dropped  1.8  max wait   72  breach False  heads lost 0  overflow 0.50>0.75   5.0 min
  R4 onset protectedortools   full      served 38.4>34.5  dropped  2.2  max wait   72  breach False  heads lost 0  overflow 0.25>0.33   5.0 min
  R4 onset current  insertion full      served 33.9>32.7  dropped  0.9  max wait   72  breach False  heads lost 3  overflow 0.50>0.58   5.0 min
  R4 onset current  insertion urgency   served 33.2>34.3  dropped  0.8  max wait  144  breach None  heads lost 0  overflow 0.25>0.58   4.7 min
  R4 onset current  ortools   full      served 38.4>36.0  dropped  1.1  max wait   72  breach False  heads lost 4  overflow 0.25>0.17   5.1 min
  R4 onset forecast insertion full      served 35.0>32.8  dropped  0.1  max wait   60  breach False  heads lost 0  overflow 0.50>0.25   4.9 min
  R4 onset forecast insertion urgency   served 33.5>36.2  dropped  0.1  max wait  144  breach None  heads lost 0  overflow 0.25>0.33   5.0 min
  R4 onset forecast ortools   full      served 38.4>36.7  dropped  0.0  max wait   60  breach False  heads lost 0  overflow 0.25>0.50   4.9 min
  R4: 11 chains, 54.5 min
[weather-onset] shard 4 finished
