
=== 2026-10-01 22:12:34 experiments.exp_weather --scenario storm --shard 0 --of 8
[weather-storm] shard 0/8: networks ['R0']
  R0 storm blind    insertion full      served 32.1>29.7  dropped  3.7  max wait  156  breach False  heads lost 7  overflow 0.38>1.17   4.5 min
  R0 storm blind    insertion urgency   served 33.6>31.8  dropped  4.3  max wait  156  breach None  heads lost 0  overflow 0.50>0.83   4.5 min
  R0 storm blind    ortools   full      served 35.4>31.6  dropped  4.7  max wait  168  breach False  heads lost 9  overflow 0.38>1.00   4.5 min
  R0 storm protectedinsertion full      served 32.1>30.3  dropped  5.6  max wait   96  breach False  heads lost 0  overflow 0.38>1.17   4.8 min
  R0 storm protectedortools   full      served 35.4>31.3  dropped  5.0  max wait   84  breach False  heads lost 0  overflow 0.38>0.92   4.8 min
  R0 storm current  insertion full      served 32.1>30.2  dropped  0.0  max wait   60  breach False  heads lost 0  overflow 0.38>0.42   4.3 min
  R0 storm current  insertion urgency   served 35.0>31.6  dropped  0.0  max wait  156  breach None  heads lost 0  overflow 0.50>0.50   4.2 min
  R0 storm current  ortools   full      served 35.4>32.0  dropped  0.0  max wait   60  breach False  heads lost 0  overflow 0.38>0.67   4.3 min
  R0: 8 chains, 35.8 min
[weather-storm] shard 0 finished

=== 2026-10-01 23:02:03 experiments.exp_weather --scenario storm --shard 0 --of 8
[weather-storm] shard 0/8: networks ['R0']
  R0: 0 chains, 0.0 min
[weather-storm] shard 0 finished

=== 2026-10-02 19:09:25 experiments.exp_weather --scenario storm --shard 0 --of 8
[weather-storm] shard 0/8: networks ['R0']
  R0: 0 chains, 0.0 min
[weather-storm] shard 0 finished

=== 2026-10-03 20:41:57 experiments.exp_weather --scenario storm --shard 0 --of 8
[weather-storm] shard 0/8: networks ['R0']
  R0 storm blind    insertion full      served 34.8>28.8  dropped  4.4  max wait  144  breach False  heads lost 9  overflow 0.38>1.50   5.4 min
  R0 storm blind    insertion urgency   served 32.9>30.9  dropped  4.2  max wait  264  breach None  heads lost 0  overflow 0.38>1.17   5.4 min
  R0 storm blind    ortools   full      served 36.8>31.4  dropped  4.8  max wait  156  breach False  heads lost 8  overflow 0.38>0.92   5.4 min
  R0 storm protectedinsertion full      served 35.1>29.5  dropped  4.4  max wait   96  breach False  heads lost 0  overflow 0.50>1.42   5.7 min
  R0 storm protectedortools   full      served 36.5>31.3  dropped  6.0  max wait   96  breach False  heads lost 0  overflow 0.38>0.92   5.7 min
  R0 storm current  insertion full      served 32.6>29.1  dropped  0.0  max wait   60  breach False  heads lost 0  overflow 0.75>0.50   4.9 min
  R0 storm current  insertion urgency   served 33.8>29.2  dropped  0.0  max wait  192  breach None  heads lost 0  overflow 0.88>0.33   5.0 min
  R0 storm current  ortools   full      served 36.4>31.1  dropped  0.0  max wait   60  breach False  heads lost 0  overflow 0.38>0.50   4.9 min
  R0: 8 chains, 42.6 min
[weather-storm] shard 0 finished
