
=== 2026-10-02 00:49:13 experiments.exp_weather --scenario rain --shard 6 --of 8
[weather-rain] shard 6/8: networks ['R6']
  R6 rain  blind    insertion full      served 32.2>30.4  dropped  4.1  max wait  168  breach False  heads lost 9  overflow 0.62>1.92   5.1 min
  R6 rain  blind    insertion urgency   served 35.6>29.8  dropped  3.2  max wait  360  breach None  heads lost 0  overflow 0.50>1.67   5.2 min
  R6 rain  blind    ortools   full      served 34.6>30.0  dropped  3.2  max wait  192  breach False  heads lost 10  overflow 0.50>1.58   5.1 min
  R6 rain  protectedinsertion full      served 32.2>29.7  dropped  3.7  max wait  108  breach False  heads lost 0  overflow 0.62>2.25   5.2 min
  R6 rain  protectedortools   full      served 34.6>29.8  dropped  4.3  max wait  132  breach False  heads lost 0  overflow 0.50>1.50   5.2 min
  R6 rain  current  insertion full      served 32.2>28.3  dropped  0.0  max wait   72  breach False  heads lost 0  overflow 0.62>0.92   4.6 min
  R6 rain  current  insertion urgency   served 35.8>31.8  dropped  0.0  max wait  216  breach None  heads lost 0  overflow 0.50>0.42   5.1 min
  R6 rain  current  ortools   full      served 34.6>28.3  dropped  0.0  max wait   84  breach False  heads lost 0  overflow 0.50>0.67   4.6 min
  R6: 8 chains, 40.1 min
[weather-rain] shard 6 finished

=== 2026-10-02 01:54:58 experiments.exp_weather --scenario rain --shard 6 --of 8
[weather-rain] shard 6/8: networks ['R6']
  R6: 0 chains, 0.0 min
[weather-rain] shard 6 finished

=== 2026-10-03 19:39:01 experiments.exp_weather --scenario rain --shard 6 --of 8
[weather-rain] shard 6/8: networks ['R6']
  R6: 0 chains, 0.0 min
[weather-rain] shard 6 finished
