
=== 2026-10-02 02:50:52 experiments.exp_weather --scenario onset --shard 7 --of 8
[weather-onset] shard 7/8: networks ['R7']
  R7 onset blind    insertion full      served 33.1>34.2  dropped  1.4  max wait   84  breach False  heads lost 4  overflow 0.88>1.58   5.0 min
  R7 onset blind    insertion urgency   served 32.1>33.3  dropped  1.4  max wait  204  breach None  heads lost 0  overflow 1.25>1.25   4.7 min
  R7 onset blind    ortools   full      served 38.6>36.6  dropped  1.5  max wait   96  breach False  heads lost 5  overflow 0.62>1.33   5.0 min
  R7 onset protectedinsertion full      served 34.0>33.4  dropped  1.5  max wait   84  breach False  heads lost 0  overflow 0.88>1.92   4.8 min
  R7 onset protectedortools   full      served 38.1>35.8  dropped  1.9  max wait   72  breach False  heads lost 0  overflow 0.38>0.83   4.8 min
  R7 onset current  insertion full      served 33.1>34.4  dropped  0.7  max wait   72  breach False  heads lost 1  overflow 0.88>1.17   5.1 min
  R7 onset current  insertion urgency   served 32.9>32.4  dropped  0.8  max wait  192  breach None  heads lost 0  overflow 1.00>1.25   5.0 min
  R7 onset current  ortools   full      served 38.8>36.2  dropped  0.8  max wait   72  breach False  heads lost 2  overflow 0.62>0.75   5.1 min
  R7 onset forecast insertion full      served 33.6>33.2  dropped  0.3  max wait   84  breach False  heads lost 2  overflow 0.88>1.25   5.0 min
  R7 onset forecast insertion urgency   served 34.6>32.8  dropped  0.2  max wait  204  breach None  heads lost 0  overflow 0.62>0.83   4.5 min
  R7 onset forecast ortools   full      served 39.1>36.2  dropped  0.1  max wait   72  breach False  heads lost 0  overflow 0.75>0.67   5.0 min
  R7: 11 chains, 54.1 min
[weather-onset] shard 7 finished

=== 2026-10-02 19:09:34 experiments.exp_weather --scenario onset --shard 7 --of 8
[weather-onset] shard 7/8: networks ['R7']
  R7: 0 chains, 0.0 min
[weather-onset] shard 7 finished

=== 2026-10-03 23:24:52 experiments.exp_weather --scenario onset --shard 7 --of 8
[weather-onset] shard 7/8: networks ['R7']
  R7 onset blind    insertion full      served 34.6>35.1  dropped  1.2  max wait   96  breach False  heads lost 5  overflow 1.00>1.25   4.8 min
  R7 onset blind    insertion urgency   served 33.9>34.4  dropped  1.2  max wait  240  breach None  heads lost 0  overflow 0.88>1.33   4.7 min
  R7 onset blind    ortools   full      served 39.1>36.2  dropped  1.5  max wait   84  breach False  heads lost 4  overflow 0.75>1.00   4.8 min
  R7 onset protectedinsertion full      served 34.6>33.7  dropped  1.1  max wait   84  breach False  heads lost 0  overflow 1.00>1.50   4.7 min
  R7 onset protectedortools   full      served 39.1>35.8  dropped  1.5  max wait   72  breach False  heads lost 0  overflow 0.75>1.08   4.7 min
  R7 onset current  insertion full      served 34.6>33.8  dropped  1.0  max wait   84  breach False  heads lost 2  overflow 1.00>1.50   4.6 min
  R7 onset current  insertion urgency   served 33.9>33.5  dropped  1.1  max wait  192  breach None  heads lost 0  overflow 0.88>0.50   4.8 min
  R7 onset current  ortools   full      served 39.1>35.8  dropped  1.3  max wait   72  breach False  heads lost 3  overflow 0.75>1.08   4.6 min
  R7 onset forecast insertion full      served 34.6>32.6  dropped  0.4  max wait   72  breach False  heads lost 0  overflow 1.00>1.08   4.5 min
  R7 onset forecast insertion urgency   served 33.9>33.7  dropped  0.3  max wait  192  breach None  heads lost 0  overflow 0.88>0.50   4.5 min
  R7 onset forecast ortools   full      served 39.1>36.6  dropped  0.1  max wait   60  breach False  heads lost 0  overflow 0.75>0.75   4.5 min
  R7: 11 chains, 51.2 min
[weather-onset] shard 7 finished
