
=== 2026-10-01 22:40:05 experiments.exp_weather --scenario storm --shard 1 --of 8
[weather-storm] shard 1/8: networks ['R1']
  R1 storm blind    insertion full      served 38.5>35.6  dropped  4.0  max wait  144  breach False  heads lost 8  overflow 0.25>1.00   5.3 min
  R1 storm blind    insertion urgency   served 39.9>37.2  dropped  4.3  max wait  192  breach None  heads lost 0  overflow 0.50>1.08   5.3 min
  R1 storm blind    ortools   full      served 44.0>38.2  dropped  5.2  max wait  156  breach False  heads lost 8  overflow 0.38>0.67   5.3 min

=== 2026-10-01 23:02:05 experiments.exp_weather --scenario storm --shard 1 --of 8
[weather-storm] shard 1/8: networks ['R1']
  R1 storm blind    insertion full      served 35.8>35.2  dropped  3.9  max wait   96  breach False  heads lost 6  overflow 0.25>1.17   6.8 min
  R1 storm blind    insertion urgency   served 34.6>37.3  dropped  3.2  max wait  192  breach None  heads lost 0  overflow 0.38>0.75   6.9 min
  R1 storm blind    ortools   full      served 43.6>38.1  dropped  5.3  max wait  156  breach False  heads lost 8  overflow 0.25>1.08   6.8 min
  R1 storm protectedinsertion full      served 35.9>36.0  dropped  3.6  max wait   84  breach False  heads lost 0  overflow 0.25>0.75   6.7 min
  R1 storm protectedortools   full      served 43.6>37.1  dropped  5.7  max wait   96  breach False  heads lost 0  overflow 0.25>1.08   6.7 min
  R1 storm current  insertion full      served 37.9>33.9  dropped  0.0  max wait   48  breach False  heads lost 0  overflow 0.25>0.33   6.1 min
  R1 storm current  insertion urgency   served 35.5>37.8  dropped  0.0  max wait  144  breach None  heads lost 0  overflow 0.25>0.33   5.8 min
  R1 storm current  ortools   full      served 42.4>38.8  dropped  0.0  max wait   60  breach False  heads lost 0  overflow 0.12>0.33   6.1 min
  R1: 8 chains, 51.8 min
[weather-storm] shard 1 finished

=== 2026-10-02 19:09:26 experiments.exp_weather --scenario storm --shard 1 --of 8
[weather-storm] shard 1/8: networks ['R1']
  R1: 0 chains, 0.0 min
[weather-storm] shard 1 finished
