
=== 2026-10-02 15:44:40 experiments.exp_compare --study weights-overflowx2 --shard 1 --of 2
[weights-overflowx2] shard 1/2: 4 of 8 units
  S0 snapshot 1
    ortools             full            obj    1508.8  served 160   224.5s
    aco                 full            obj    1667.5  served 156   224.4s
  S0 snapshot 1: 3 solves, 683s (total 11.4 min)
  S0 snapshot 3
    ortools             full            obj    1038.5  served 159   243.7s
    aco                 full            obj    1146.1  served 159   243.7s
  S0 snapshot 3: 3 solves, 740s (total 23.7 min)
  S0 snapshot 5
    ortools             full            obj    1530.6  served 159   170.3s
    aco                 full            obj    1694.3  served 155   174.8s
  S0 snapshot 5: 3 solves, 524s (total 32.4 min)
  S0 snapshot 7
    ortools             full            obj     853.1  served 159   245.1s
    aco                 full            obj     997.3  served 153   245.9s
  S0 snapshot 7: 3 solves, 746s (total 44.9 min)
[weights-overflowx2] shard 1 finished

=== 2026-10-02 19:10:07 experiments.exp_compare --study weights-overflowx2 --shard 1 --of 2
[weights-overflowx2] shard 1/2: 4 of 8 units
  S0 snapshot 1
  S0 snapshot 1: 0 solves, 0s (total 0.0 min)
  S0 snapshot 3
  S0 snapshot 3: 0 solves, 0s (total 0.0 min)
  S0 snapshot 5
  S0 snapshot 5: 0 solves, 0s (total 0.0 min)
  S0 snapshot 7
  S0 snapshot 7: 0 solves, 0s (total 0.0 min)
[weights-overflowx2] shard 1 finished
