
=== 2026-10-02 15:39:32 experiments.exp_compare --study weights-overflowx2 --shard 0 --of 2
[weights-overflowx2] shard 0/2: 4 of 8 units
  S0 snapshot 0
    ortools             full            obj    1011.0  served 159   240.0s
    aco                 full            obj    1100.1  served 153   239.9s
  S0 snapshot 0: 3 solves, 729s (total 12.2 min)
  S0 snapshot 2
    ortools             full            obj    1161.1  served 158   225.3s
    aco                 full            obj    1275.3  served 153   225.3s
  S0 snapshot 2: 3 solves, 684s (total 23.6 min)
  S0 snapshot 4
    ortools             full            obj    1318.4  served 158   222.7s
    aco                 full            obj    1404.9  served 156   227.6s
  S0 snapshot 4: 3 solves, 682s (total 34.9 min)
  S0 snapshot 6
    ortools             full            obj     815.7  served 158   231.1s
    aco                 full            obj     916.2  served 156   231.1s
  S0 snapshot 6: 3 solves, 703s (total 46.6 min)
[weights-overflowx2] shard 0 finished

=== 2026-10-02 19:10:06 experiments.exp_compare --study weights-overflowx2 --shard 0 --of 2
[weights-overflowx2] shard 0/2: 4 of 8 units
  S0 snapshot 0
  S0 snapshot 0: 0 solves, 0s (total 0.0 min)
  S0 snapshot 2
  S0 snapshot 2: 0 solves, 0s (total 0.0 min)
  S0 snapshot 4
  S0 snapshot 4: 0 solves, 0s (total 0.0 min)
  S0 snapshot 6
  S0 snapshot 6: 0 solves, 0s (total 0.0 min)
[weights-overflowx2] shard 0 finished

=== 2026-10-04 05:16:37 experiments.exp_compare --study weights-overflowx2 --shard 0 --of 2
[weights-overflowx2] shard 0/2: 4 of 8 units
  S0 snapshot 0
    ortools             full            obj    1011.0  served 159   182.7s
    aco                 full            obj    1097.9  served 153   182.6s
  S0 snapshot 0: 3 solves, 552s (total 9.2 min)
  S0 snapshot 2
    ortools             full            obj    1161.1  served 158   174.2s
    aco                 full            obj    1275.3  served 153   174.2s
  S0 snapshot 2: 3 solves, 527s (total 18.0 min)
  S0 snapshot 4
    ortools             full            obj    1317.6  served 158   165.7s
    aco                 full            obj    1396.4  served 157   165.8s
  S0 snapshot 4: 3 solves, 501s (total 26.3 min)
  S0 snapshot 6
    ortools             full            obj     815.7  served 158   160.9s
    aco                 full            obj     916.2  served 156   160.9s
  S0 snapshot 6: 3 solves, 487s (total 34.5 min)
[weights-overflowx2] shard 0 finished
