
=== 2026-10-02 13:24:03 experiments.exp_compare --study weights-co2x3 --shard 0 --of 2
[weights-co2x3] shard 0/2: 4 of 8 units
  S0 snapshot 0
    ortools             full            obj    1546.9  served 156   256.9s
    aco                 full            obj    1673.1  served 147   256.9s
  S0 snapshot 0: 3 solves, 780s (total 13.0 min)
  S0 snapshot 2
    ortools             full            obj    1540.9  served 151   209.8s
    aco                 full            obj    1881.8  served 145   209.8s
  S0 snapshot 2: 3 solves, 638s (total 23.6 min)
  S0 snapshot 4
    ortools             full            obj    1687.8  served 157   220.6s
    aco                 full            obj    1827.4  served 149   220.9s
  S0 snapshot 4: 3 solves, 670s (total 34.8 min)
  S0 snapshot 6
    ortools             full            obj    1386.1  served 155   215.8s
    aco                 full            obj    1648.3  served 152   215.8s
  S0 snapshot 6: 3 solves, 656s (total 45.7 min)
[weights-co2x3] shard 0 finished

=== 2026-10-02 19:10:01 experiments.exp_compare --study weights-co2x3 --shard 0 --of 2
[weights-co2x3] shard 0/2: 4 of 8 units
  S0 snapshot 0
  S0 snapshot 0: 0 solves, 0s (total 0.0 min)
  S0 snapshot 2
  S0 snapshot 2: 0 solves, 0s (total 0.0 min)
  S0 snapshot 4
  S0 snapshot 4: 0 solves, 0s (total 0.0 min)
  S0 snapshot 6
  S0 snapshot 6: 0 solves, 0s (total 0.0 min)
[weights-co2x3] shard 0 finished
