
=== 2026-10-02 15:35:56 experiments.exp_compare --study weights-overflowx0.5 --shard 1 --of 2
[weights-overflowx0.5] shard 1/2: 4 of 8 units
  S0 snapshot 1
    ortools             full            obj     908.2  served 160   251.5s
    aco                 full            obj    1028.5  served 156   251.4s
  S0 snapshot 1: 3 solves, 764s (total 12.7 min)
  S0 snapshot 3
    ortools             full            obj     790.2  served 159   238.8s
    aco                 full            obj     875.3  served 155   238.8s
  S0 snapshot 3: 3 solves, 726s (total 24.8 min)
  S0 snapshot 5
    ortools             full            obj     963.2  served 160   255.3s
    aco                 full            obj    1044.5  served 156   255.3s
  S0 snapshot 5: 3 solves, 774s (total 37.7 min)
  S0 snapshot 7
    ortools             full            obj     739.5  served 159   232.6s
    aco                 full            obj     934.6  served 150   232.6s
  S0 snapshot 7: 3 solves, 708s (total 49.5 min)
[weights-overflowx0.5] shard 1 finished

=== 2026-10-02 19:10:06 experiments.exp_compare --study weights-overflowx0.5 --shard 1 --of 2
[weights-overflowx0.5] shard 1/2: 4 of 8 units
  S0 snapshot 1
  S0 snapshot 1: 0 solves, 0s (total 0.0 min)
  S0 snapshot 3
  S0 snapshot 3: 0 solves, 0s (total 0.0 min)
  S0 snapshot 5
  S0 snapshot 5: 0 solves, 0s (total 0.0 min)
  S0 snapshot 7
  S0 snapshot 7: 0 solves, 0s (total 0.0 min)
[weights-overflowx0.5] shard 1 finished
