
=== 2026-10-02 17:12:55 experiments.exp_compare --study weights-lambdax2 --shard 1 --of 2
[weights-lambdax2] shard 1/2: 4 of 8 units
  S0 snapshot 1
    ortools             full            obj    1150.4  served 160   249.8s
    aco                 full            obj    1261.4  served 160   249.7s
  S0 snapshot 1: 3 solves, 759s (total 12.7 min)
  S0 snapshot 3
    ortools             full            obj     882.9  served 159   197.2s
    aco                 full            obj     956.6  served 158   197.2s
  S0 snapshot 3: 3 solves, 602s (total 22.7 min)
  S0 snapshot 5
    ortools             full            obj    1134.3  served 160   180.2s
    aco                 full            obj    1230.3  served 157   180.7s
  S0 snapshot 5: 3 solves, 550s (total 31.9 min)
  S0 snapshot 7
    ortools             full            obj     787.1  served 160   224.0s
    aco                 full            obj     983.6  served 155   228.1s
  S0 snapshot 7: 3 solves, 684s (total 43.3 min)
[weights-lambdax2] shard 1 finished

=== 2026-10-02 19:10:09 experiments.exp_compare --study weights-lambdax2 --shard 1 --of 2
[weights-lambdax2] shard 1/2: 4 of 8 units
  S0 snapshot 1
  S0 snapshot 1: 0 solves, 0s (total 0.0 min)
  S0 snapshot 3
  S0 snapshot 3: 0 solves, 0s (total 0.0 min)
  S0 snapshot 5
  S0 snapshot 5: 0 solves, 0s (total 0.0 min)
  S0 snapshot 7
  S0 snapshot 7: 0 solves, 0s (total 0.0 min)
[weights-lambdax2] shard 1 finished
