
=== 2026-10-02 14:51:45 experiments.exp_compare --study weights-timex2 --shard 1 --of 2
[weights-timex2] shard 1/2: 4 of 8 units
  S0 snapshot 1
    ortools             full            obj    1288.6  served 160   236.5s
    aco                 full            obj    1478.6  served 157   236.4s
  S0 snapshot 1: 3 solves, 719s (total 12.0 min)
  S0 snapshot 3
    ortools             full            obj    1041.0  served 158   237.3s
    aco                 full            obj    1241.9  served 148   237.9s
  S0 snapshot 3: 3 solves, 722s (total 24.0 min)
  S0 snapshot 5
    ortools             full            obj    1307.1  served 159   243.6s
    aco                 full            obj    1463.9  served 153   243.6s
  S0 snapshot 5: 3 solves, 740s (total 36.4 min)
  S0 snapshot 7
    ortools             full            obj     943.2  served 159   224.7s
    aco                 full            obj    1102.9  served 153   224.7s
  S0 snapshot 7: 3 solves, 684s (total 47.8 min)
[weights-timex2] shard 1 finished

=== 2026-10-02 19:10:04 experiments.exp_compare --study weights-timex2 --shard 1 --of 2
[weights-timex2] shard 1/2: 4 of 8 units
  S0 snapshot 1
  S0 snapshot 1: 0 solves, 0s (total 0.0 min)
  S0 snapshot 3
  S0 snapshot 3: 0 solves, 0s (total 0.0 min)
  S0 snapshot 5
  S0 snapshot 5: 0 solves, 0s (total 0.0 min)
  S0 snapshot 7
  S0 snapshot 7: 0 solves, 0s (total 0.0 min)
[weights-timex2] shard 1 finished

=== 2026-10-04 04:52:42 experiments.exp_compare --study weights-timex2 --shard 1 --of 2
[weights-timex2] shard 1/2: 4 of 8 units
  S0 snapshot 1
    ortools             full            obj    1288.6  served 160   183.1s
    aco                 full            obj    1467.2  served 157   183.0s
  S0 snapshot 1: 3 solves, 553s (total 9.2 min)
  S0 snapshot 3
    ortools             full            obj    1041.0  served 158   184.8s
    aco                 full            obj    1241.9  served 148   185.3s
  S0 snapshot 3: 3 solves, 559s (total 18.5 min)
  S0 snapshot 5
    ortools             full            obj    1307.1  served 159   195.9s
    aco                 full            obj    1463.9  served 153   195.9s
  S0 snapshot 5: 3 solves, 592s (total 28.4 min)
  S0 snapshot 7
    ortools             full            obj     943.2  served 159   177.3s
    aco                 full            obj    1098.2  served 153   177.3s
  S0 snapshot 7: 3 solves, 536s (total 37.3 min)
[weights-timex2] shard 1 finished
