 snap  believed km  actually km   surprise  road planner  cost of error
-----------------------------------------------------------------------
    0        235.5        269.1      14.2%         254.8           5.6%
    1        203.9        250.8      23.0%         246.0           2.0%
    2        200.7        238.5      18.9%         218.6           9.1%
    3        213.3        250.3      17.4%         256.0          -2.2%
    4        215.1        243.8      13.3%         250.0          -2.5%
    5        268.8        313.2      16.5%         265.3          18.1%
    6        202.7        239.9      18.4%         226.0           6.2%
    7        229.2        267.3      16.6%         228.5          17.0%
    8        200.3        243.6      21.6%         251.8          -3.3%
    9        190.4        228.0      19.8%         255.1         -10.6%
   10        228.9        266.7      16.5%         279.8          -4.7%
   11        183.6        214.4      16.8%         235.8          -9.1%
   12        184.8        223.5      21.0%         226.0          -1.1%
   13        220.3        255.5      16.0%         262.6          -2.7%
   14        226.1        272.3      20.4%         241.3          12.8%
   15        249.8        263.6       5.5%         255.3           3.3%
   16        137.4        181.2      31.8%         234.6         -22.8%
   17        255.3        309.5      21.2%         261.1          18.5%
   18        251.1        294.0      17.1%         258.6          13.7%
   19        186.7        223.9      19.9%         225.9          -0.9%
   20        209.6        244.4      16.6%         237.9           2.8%
   21        149.7        194.3      29.8%         290.3         -33.1%
   22        244.2        290.2      18.8%         264.6           9.7%
   23        161.1        199.3      23.7%         290.1         -31.3%
   24        166.0        202.0      21.7%         217.9          -7.3%

  the approximate planner reports   208.6 km
  it would actually drive           247.2 km   (+19.1 percent, reporting error)
  a street-graph planner drives     249.3 km   (-0.5 percent worse for the approximate planner, optimisation error)
  routes infeasible once measured on the street graph: 50

Saved C:\Users\ahbab\Downloads\Micro Paper\WasteBins\experiments\results\distance_model.json
