
=== 2026-10-01 22:27:22 experiments.exp_rollout --load moderate --networks R0,R1,R2,R3,R4,R5,R6,R7,R8,R9,R10,R11,R12,R13,R14,R15 --shard 14 --of 16
[rollout-moderate] shard 14/16: networks ['R14']
  R14 insertion   full             wait mean  19.7 p95    48 max    48  never  0  overflow  0.52%  served 36.8  km  41.1  use  97%   6.9 min
  R14 insertion   urgency          wait mean  19.5 p95    48 max   144  never  0  overflow  0.42%  served 37.1  km  38.0  use  96%   6.7 min
  R14 insertion   ageing           wait mean  20.1 p95    36 max   144  never  0  overflow  0.31%  served 35.9  km  38.2  use  97%   6.0 min
  R14 insertion   tier_bounded     wait mean  19.4 p95    48 max    48  never  0  overflow  0.10%  served 37.4  km  41.1  use  99%   6.4 min
  R14 insertion   tier_unbounded   wait mean  19.2 p95    48 max    48  never  0  overflow  0.26%  served 37.9  km  42.6  use  99%   6.1 min
  R14 insertion   reserve_bounded  wait mean  20.5 p95    48 max    60  never  0  overflow  0.68%  served 35.3  km  41.3  use  95%   6.1 min
  R14 insertion   full_r2          wait mean  20.0 p95    48 max    48  never  0  overflow  0.36%  served 36.3  km  40.9  use  96%   5.8 min
  R14 insertion   full_r4          wait mean  19.4 p95    48 max    48  never  0  overflow  0.26%  served 37.4  km  45.0  use  99%   6.4 min
  R14 insertion   full_r8          wait mean  19.6 p95    48 max    48  never  0  overflow  0.42%  served 36.7  km  45.1  use  99%   6.4 min
  R14 insertion   full_ageing      wait mean  20.3 p95    36 max    48  never  0  overflow  0.31%  served 35.8  km  43.4  use 100%   6.1 min
  R14 ortools     urgency          wait mean  17.5 p95    36 max   132  never  0  overflow  0.36%  served 41.1  km  39.4  use  99%   6.9 min
  R14 ortools     tier_unbounded   wait mean  18.1 p95    48 max    48  never  0  overflow  0.36%  served 39.7  km  43.1  use  99%   6.9 min
  R14 ortools     full             wait mean  18.0 p95    48 max    48  never  0  overflow  0.26%  served 40.1  km  42.7  use  99%   6.9 min
  R14 ortools     full_r4          wait mean  18.0 p95    48 max    48  never  0  overflow  0.31%  served 40.1  km  42.0  use  99%   6.9 min
  R14 aco         tier_unbounded   wait mean  24.3 p95    48 max    96  never  0  overflow  1.20%  served 29.8  km  31.4  use  98%   7.0 min
  R14 genetic     tier_unbounded   wait mean  24.0 p95    48 max    60  never  0  overflow  0.36%  served 30.2  km  39.7  use  97%   7.0 min
  R14 risk_graph  tier_unbounded   wait mean  53.3 p95    96 max   468  never  4  overflow  7.81%  served 12.6  km  12.4  use  99%   0.0 min
  R14 static_sweepfull             wait mean  60.0 p95    60 max    60  never  0  overflow  8.44%  served 12.5  km  20.1  use  99%   0.0 min
  R14 threshold   full             wait mean  56.7 p95   107 max   252  never  0  overflow  2.81%  served 12.6  km  28.8  use  92%   1.3 min
  R14: 19 chains, 105.6 min
[rollout-moderate] shard 14 finished
