
=== 2026-10-01 20:55:23 experiments.exp_rollout --load moderate --networks R0,R1,R2,R3,R4,R5,R6,R7,R8,R9,R10,R11,R12,R13,R14,R15 --shard 7 --of 16
[rollout-moderate] shard 7/16: networks ['R7']
  R7 insertion   full             wait mean  21.5 p95    48 max    60  never  0  overflow  1.72%  served 33.6  km  50.9  use 100%   4.6 min
  R7 insertion   urgency          wait mean  21.1 p95    60 max   192  never  0  overflow  1.25%  served 33.9  km  45.6  use  98%   4.8 min
  R7 insertion   ageing           wait mean  21.9 p95    48 max   120  never  0  overflow  1.15%  served 32.8  km  46.2  use 100%   4.5 min
  R7 insertion   tier_bounded     wait mean  21.7 p95    48 max    72  never  0  overflow  1.41%  served 33.1  km  52.8  use 100%   4.7 min
  R7 insertion   tier_unbounded   wait mean  21.1 p95    48 max    72  never  0  overflow  1.77%  served 34.2  km  49.5  use 100%   4.9 min
  R7 insertion   reserve_bounded  wait mean  20.8 p95    48 max    60  never  0  overflow  1.41%  served 34.7  km  48.2  use 100%   4.8 min
  R7 insertion   full_r2          wait mean  21.2 p95    48 max    72  never  0  overflow  1.88%  served 34.0  km  52.5  use  99%   4.9 min
  R7 insertion   full_r4          wait mean  21.6 p95    48 max    60  never  0  overflow  1.61%  served 33.4  km  48.8  use  99%   4.9 min
  R7 insertion   full_r8          wait mean  21.4 p95    48 max    60  never  0  overflow  1.56%  served 33.7  km  52.5  use 100%   4.8 min
  R7 insertion   full_ageing      wait mean  22.6 p95    48 max    60  never  0  overflow  1.72%  served 31.9  km  48.2  use  99%   4.3 min
  R7 ortools     urgency          wait mean  18.6 p95    48 max   156  never  0  overflow  0.78%  served 39.2  km  46.8  use  99%   4.6 min
  R7 ortools     tier_unbounded   wait mean  18.5 p95    48 max    60  never  0  overflow  0.99%  served 39.0  km  48.9  use  99%   4.6 min
  R7 ortools     full             wait mean  18.8 p95    48 max    60  never  0  overflow  0.89%  served 38.5  km  50.2  use  99%   4.6 min
  R7 ortools     full_r4          wait mean  18.9 p95    48 max    60  never  0  overflow  0.99%  served 38.2  km  49.3  use  99%   4.6 min
  R7 aco         tier_unbounded   wait mean  27.8 p95    60 max   108  never  0  overflow  2.03%  served 25.7  km  31.3  use  99%   4.7 min
  R7 genetic     tier_unbounded   wait mean  28.4 p95    48 max   132  never  0  overflow  1.41%  served 25.5  km  42.2  use  99%   4.7 min
  R7 risk_graph  tier_unbounded   wait mean  53.8 p95   108 max   468  never  2  overflow  5.57%  served 12.4  km  16.2  use  99%   0.0 min
  R7 static_sweepfull             wait mean  60.0 p95    60 max    72  never  0  overflow  7.40%  served 11.6  km  24.9  use  99%   0.0 min
  R7 threshold   full             wait mean  59.9 p95   108 max   216  never  0  overflow  3.96%  served 11.8  km  36.0  use  97%   1.4 min
  R7: 19 chains, 76.4 min
[rollout-moderate] shard 7 finished
