
=== 2026-10-01 19:36:02 experiments.exp_rollout --load moderate --networks R0,R1,R2,R3,R4,R5,R6,R7,R8,R9,R10,R11,R12,R13,R14,R15 --shard 4 --of 16
[rollout-moderate] shard 4/16: networks ['R4']
  R4 insertion   full             wait mean  20.4 p95    48 max    60  never  0  overflow  0.36%  served 35.4  km  48.4  use  99%   5.2 min
  R4 insertion   urgency          wait mean  20.5 p95    48 max   144  never  0  overflow  0.42%  served 35.3  km  41.8  use  98%   5.2 min
  R4 insertion   ageing           wait mean  21.0 p95    48 max    96  never  0  overflow  0.36%  served 34.2  km  45.5  use  98%   4.9 min
  R4 insertion   tier_bounded     wait mean  20.5 p95    48 max    60  never  0  overflow  0.47%  served 35.1  km  48.0  use 100%   5.2 min
  R4 insertion   tier_unbounded   wait mean  20.5 p95    48 max    60  never  0  overflow  0.47%  served 35.1  km  48.0  use 100%   5.2 min
  R4 insertion   reserve_bounded  wait mean  20.4 p95    48 max    60  never  0  overflow  0.36%  served 35.2  km  48.2  use  99%   5.3 min
  R4 insertion   full_r2          wait mean  19.8 p95    48 max    60  never  0  overflow  0.42%  served 36.3  km  45.4  use  99%   5.6 min
  R4 insertion   full_r4          wait mean  20.9 p95    48 max    60  never  0  overflow  0.47%  served 34.5  km  47.8  use 100%   5.3 min
  R4 insertion   full_r8          wait mean  20.9 p95    48 max    60  never  0  overflow  0.52%  served 34.5  km  48.2  use 100%   5.4 min
  R4 insertion   full_ageing      wait mean  22.0 p95    48 max    60  never  0  overflow  0.47%  served 32.6  km  46.8  use  99%   5.2 min
  R4 ortools     urgency          wait mean  18.4 p95    36 max   144  never  0  overflow  0.26%  served 39.2  km  45.4  use  99%   5.2 min
  R4 ortools     tier_unbounded   wait mean  18.6 p95    48 max    60  never  0  overflow  0.31%  served 38.7  km  46.8  use  99%   5.2 min
  R4 ortools     full             wait mean  18.5 p95    48 max    60  never  0  overflow  0.21%  served 38.9  km  46.1  use  99%   5.2 min
  R4 ortools     full_r4          wait mean  18.8 p95    48 max    60  never  0  overflow  0.42%  served 38.4  km  47.0  use  99%   5.2 min
  R4 aco         tier_unbounded   wait mean  25.2 p95    48 max    72  never  0  overflow  1.09%  served 28.3  km  34.6  use  98%   5.3 min
  R4 genetic     tier_unbounded   wait mean  25.0 p95    48 max    84  never  0  overflow  0.57%  served 28.9  km  46.1  use  98%   5.3 min
  R4 risk_graph  tier_unbounded   wait mean  52.4 p95    96 max   468  never  7  overflow  5.21%  served 12.0  km  16.4  use  99%   0.0 min
  R4 static_sweepfull             wait mean  12.0 p95    12 max   468  never 45  overflow  0.62%  served 15.0  km   6.6  use  99%   0.0 min
  R4 threshold   full             wait mean  57.1 p95    96 max   156  never  0  overflow  2.14%  served 12.7  km  39.8  use  95%   1.4 min
  R4: 19 chains, 85.5 min
[rollout-moderate] shard 4 finished
