
=== 2026-10-01 21:01:35 experiments.exp_rollout --load moderate --networks R0,R1,R2,R3,R4,R5,R6,R7,R8,R9,R10,R11,R12,R13,R14,R15 --shard 8 --of 16
[rollout-moderate] shard 8/16: networks ['R8']
  R8 insertion   full             wait mean  21.9 p95    48 max    60  never  0  overflow  0.10%  served 33.0  km  50.3  use  98%   5.2 min
  R8 insertion   urgency          wait mean  21.4 p95    48 max   120  never  0  overflow  0.42%  served 33.8  km  46.2  use  98%   5.4 min
  R8 insertion   ageing           wait mean  21.7 p95    36 max    72  never  0  overflow  0.10%  served 33.1  km  49.5  use  99%   5.0 min
  R8 insertion   tier_bounded     wait mean  21.8 p95    48 max    48  never  0  overflow  0.36%  served 33.2  km  48.7  use  99%   5.3 min
  R8 insertion   tier_unbounded   wait mean  21.7 p95    48 max    48  never  0  overflow  0.05%  served 33.4  km  48.9  use  99%   5.3 min
  R8 insertion   reserve_bounded  wait mean  21.8 p95    48 max    60  never  0  overflow  0.10%  served 33.2  km  50.4  use  99%   5.5 min
  R8 insertion   full_r2          wait mean  21.6 p95    48 max    60  never  0  overflow  0.16%  served 33.4  km  49.4  use  99%   5.4 min
  R8 insertion   full_r4          wait mean  21.4 p95    48 max    60  never  0  overflow  0.21%  served 33.6  km  47.0  use  99%   5.5 min
  R8 insertion   full_r8          wait mean  21.9 p95    48 max    48  never  0  overflow  0.26%  served 33.1  km  49.9  use  99%   5.3 min
  R8 insertion   full_ageing      wait mean  22.0 p95    36 max    48  never  0  overflow  0.21%  served 32.6  km  48.7  use  99%   5.3 min
  R8 ortools     urgency          wait mean  19.6 p95    48 max   108  never  0  overflow  0.21%  served 36.8  km  48.1  use  99%   5.2 min
  R8 ortools     tier_unbounded   wait mean  20.1 p95    48 max    48  never  0  overflow  0.10%  served 35.7  km  49.5  use  99%   5.2 min
  R8 ortools     full             wait mean  19.9 p95    48 max    48  never  0  overflow  0.10%  served 36.2  km  49.9  use  99%   5.2 min
  R8 ortools     full_r4          wait mean  19.9 p95    48 max    48  never  0  overflow  0.16%  served 36.2  km  49.7  use  99%   5.2 min
  R8 aco         tier_unbounded   wait mean  25.5 p95    48 max    84  never  0  overflow  0.62%  served 28.4  km  37.7  use  96%   5.3 min
  R8 genetic     tier_unbounded   wait mean  25.1 p95    48 max    60  never  0  overflow  0.16%  served 28.5  km  50.4  use  94%   5.3 min
  R8 risk_graph  tier_unbounded   wait mean  47.8 p95    96 max   456  never  0  overflow  3.33%  served 15.2  km  17.3  use  99%   0.0 min
  R8 static_sweepfull             wait mean  48.0 p95    48 max    60  never  0  overflow  3.59%  served 15.0  km  25.5  use  98%   0.0 min
  R8 threshold   full             wait mean  62.6 p95   108 max   240  never  0  overflow  3.12%  served 11.6  km  34.8  use  85%   1.3 min
  R8: 19 chains, 85.7 min
[rollout-moderate] shard 8 finished
