
=== 2026-10-01 18:32:39 experiments.exp_rollout --load moderate --networks R0,R1,R2,R3,R4,R5,R6,R7,R8,R9,R10,R11,R12,R13,R14,R15 --shard 0 --of 16
[rollout-moderate] shard 0/16: networks ['R0']
  R0 insertion   full             wait mean  21.0 p95    48 max    60  never  0  overflow  0.42%  served 34.2  km  50.6  use  99%   5.1 min
  R0 insertion   urgency          wait mean  21.6 p95    48 max   228  never  0  overflow  0.68%  served 33.3  km  45.4  use  98%   4.7 min
  R0 insertion   ageing           wait mean  22.0 p95    36 max    84  never  0  overflow  0.26%  served 32.6  km  46.8  use 100%   4.7 min
  R0 insertion   tier_bounded     wait mean  21.5 p95    48 max    60  never  0  overflow  0.62%  served 33.4  km  52.1  use  99%   5.0 min
  R0 insertion   tier_unbounded   wait mean  21.5 p95    48 max    60  never  0  overflow  0.62%  served 33.2  km  52.0  use  99%   5.0 min
  R0 insertion   reserve_bounded  wait mean  21.0 p95    48 max    60  never  0  overflow  0.73%  served 34.2  km  50.6  use  99%   5.2 min
  R0 insertion   full_r2          wait mean  21.4 p95    48 max    60  never  0  overflow  0.73%  served 34.0  km  51.9  use  99%   5.0 min
  R0 insertion   full_r4          wait mean  21.0 p95    48 max    72  never  0  overflow  0.47%  served 34.5  km  51.6  use  99%   5.2 min
  R0 insertion   full_r8          wait mean  21.8 p95    48 max    72  never  0  overflow  0.57%  served 33.0  km  51.0  use  99%   4.9 min
  R0 insertion   full_ageing      wait mean  21.7 p95    48 max    48  never  0  overflow  0.47%  served 32.9  km  49.6  use  99%   4.9 min
  R0 ortools     urgency          wait mean  18.4 p95    48 max   240  never  0  overflow  0.68%  served 39.2  km  48.8  use  99%   5.1 min
  R0 ortools     tier_unbounded   wait mean  19.2 p95    48 max    60  never  0  overflow  0.52%  served 37.6  km  51.5  use  99%   5.1 min
  R0 ortools     full             wait mean  19.5 p95    48 max    60  never  0  overflow  0.47%  served 36.9  km  51.1  use  99%   5.1 min
  R0 ortools     full_r4          wait mean  19.5 p95    48 max    60  never  0  overflow  0.62%  served 37.0  km  54.0  use  99%   5.1 min
  R0 aco         tier_unbounded   wait mean  26.7 p95    48 max   156  never  0  overflow  1.15%  served 26.8  km  35.1  use  98%   5.2 min
  R0 genetic     tier_unbounded   wait mean  25.2 p95    48 max    72  never  0  overflow  0.83%  served 28.5  km  50.1  use  98%   5.2 min
  R0 risk_graph  tier_unbounded   wait mean  58.9 p95   120 max   468  never  3  overflow  6.72%  served 11.6  km  15.5  use 100%   0.0 min
  R0 static_sweepfull             wait mean  12.0 p95    12 max   468  never 47  overflow  0.57%  served 13.0  km  12.2  use 100%   0.0 min
  R0 threshold   full             wait mean  60.9 p95   120 max   300  never  0  overflow  2.76%  served 11.8  km  35.4  use  91%   1.4 min
  R0: 19 chains, 81.9 min
[rollout-moderate] shard 0 finished
