
=== 2026-10-01 19:54:34 experiments.exp_rollout --load moderate --networks R0,R1,R2,R3,R4,R5,R6,R7,R8,R9,R10,R11,R12,R13,R14,R15 --shard 5 --of 16
[rollout-moderate] shard 5/16: networks ['R5']
  R5 insertion   full             wait mean  18.7 p95    48 max    48  never  0  overflow  0.42%  served 38.6  km  44.5  use  99%   6.5 min
  R5 insertion   urgency          wait mean  18.5 p95    48 max   192  never  0  overflow  0.42%  served 38.7  km  36.0  use  98%   6.4 min
  R5 insertion   ageing           wait mean  19.5 p95    36 max   108  never  0  overflow  0.36%  served 37.1  km  37.6  use  99%   6.3 min
  R5 insertion   tier_bounded     wait mean  18.7 p95    48 max    48  never  0  overflow  0.52%  served 38.6  km  45.9  use  99%   6.9 min
  R5 insertion   tier_unbounded   wait mean  19.0 p95    48 max    48  never  0  overflow  0.47%  served 38.0  km  45.6  use  99%   7.2 min
  R5 insertion   reserve_bounded  wait mean  18.7 p95    48 max    48  never  0  overflow  0.47%  served 38.7  km  46.2  use  99%   6.9 min
  R5 insertion   full_r2          wait mean  18.6 p95    48 max    48  never  0  overflow  0.36%  served 38.7  km  45.5  use  99%   6.3 min
  R5 insertion   full_r4          wait mean  18.9 p95    48 max    48  never  0  overflow  0.26%  served 38.2  km  43.8  use  99%   6.1 min
  R5 insertion   full_r8          wait mean  18.9 p95    48 max    60  never  0  overflow  0.47%  served 38.0  km  44.5  use  99%   6.3 min
  R5 insertion   full_ageing      wait mean  19.2 p95    36 max    48  never  0  overflow  0.42%  served 37.6  km  39.8  use  99%   6.1 min
  R5 ortools     urgency          wait mean  16.5 p95    36 max   168  never  0  overflow  0.42%  served 43.2  km  36.6  use  99%   6.5 min
  R5 ortools     tier_unbounded   wait mean  17.5 p95    48 max    60  never  0  overflow  0.42%  served 41.1  km  43.8  use  99%   6.5 min
  R5 ortools     full             wait mean  17.3 p95    48 max    60  never  0  overflow  0.26%  served 41.4  km  45.5  use  99%   6.5 min
  R5 ortools     full_r4          wait mean  17.6 p95    48 max    60  never  0  overflow  0.47%  served 41.0  km  45.2  use  99%   6.5 min
  R5 aco         tier_unbounded   wait mean  24.1 p95    48 max    96  never  0  overflow  1.72%  served 29.9  km  29.4  use  98%   6.6 min
  R5 genetic     tier_unbounded   wait mean  23.6 p95    48 max    84  never  0  overflow  0.78%  served 30.5  km  38.5  use  97%   6.7 min
  R5 risk_graph  tier_unbounded   wait mean  50.0 p95    96 max   468  never  4  overflow  7.55%  served 13.4  km  12.7  use  99%   0.0 min
  R5 static_sweepfull             wait mean  12.0 p95    12 max   468  never 50  overflow  0.62%  served 10.0  km   3.6  use  99%   0.0 min
  R5 threshold   full             wait mean  56.7 p95   120 max   204  never  0  overflow  4.22%  served 12.9  km  31.3  use  86%   1.4 min
  R5: 19 chains, 106.0 min
[rollout-moderate] shard 5 finished
